Component: ARM Compiler 5.06 update 5 (build 528) Tool: armlink [4d35e2]

==============================================================================

Section Cross References

    startup_stm32f105xc.o(STACK) refers (Special) to heapauxi.o(.text) for __use_two_region_memory
    startup_stm32f105xc.o(HEAP) refers (Special) to heapauxi.o(.text) for __use_two_region_memory
    startup_stm32f105xc.o(RESET) refers (Special) to heapauxi.o(.text) for __use_two_region_memory
    startup_stm32f105xc.o(RESET) refers to startup_stm32f105xc.o(STACK) for __initial_sp
    startup_stm32f105xc.o(RESET) refers to startup_stm32f105xc.o(.text) for Reset_Handler
    startup_stm32f105xc.o(RESET) refers to stm32f1xx_it.o(i.NMI_Handler) for NMI_Handler
    startup_stm32f105xc.o(RESET) refers to stm32f1xx_it.o(i.HardFault_Handler) for HardFault_Handler
    startup_stm32f105xc.o(RESET) refers to stm32f1xx_it.o(i.MemManage_Handler) for MemManage_Handler
    startup_stm32f105xc.o(RESET) refers to stm32f1xx_it.o(i.BusFault_Handler) for BusFault_Handler
    startup_stm32f105xc.o(RESET) refers to stm32f1xx_it.o(i.UsageFault_Handler) for UsageFault_Handler
    startup_stm32f105xc.o(RESET) refers to stm32f1xx_it.o(i.SVC_Handler) for SVC_Handler
    startup_stm32f105xc.o(RESET) refers to stm32f1xx_it.o(i.DebugMon_Handler) for DebugMon_Handler
    startup_stm32f105xc.o(RESET) refers to stm32f1xx_it.o(i.PendSV_Handler) for PendSV_Handler
    startup_stm32f105xc.o(RESET) refers to stm32f1xx_it.o(i.SysTick_Handler) for SysTick_Handler
    startup_stm32f105xc.o(RESET) refers to stm32f1xx_it.o(i.DMA1_Channel3_IRQHandler) for DMA1_Channel3_IRQHandler
    startup_stm32f105xc.o(RESET) refers to stm32f1xx_it.o(i.DMA1_Channel4_IRQHandler) for DMA1_Channel4_IRQHandler
    startup_stm32f105xc.o(RESET) refers to stm32f1xx_it.o(i.DMA1_Channel6_IRQHandler) for DMA1_Channel6_IRQHandler
    startup_stm32f105xc.o(RESET) refers to stm32f1xx_it.o(i.TIM2_IRQHandler) for TIM2_IRQHandler
    startup_stm32f105xc.o(RESET) refers to stm32f1xx_it.o(i.USART1_IRQHandler) for USART1_IRQHandler
    startup_stm32f105xc.o(RESET) refers to stm32f1xx_it.o(i.USART2_IRQHandler) for USART2_IRQHandler
    startup_stm32f105xc.o(RESET) refers to stm32f1xx_it.o(i.USART3_IRQHandler) for USART3_IRQHandler
    startup_stm32f105xc.o(RESET) refers to stm32f1xx_it.o(i.EXTI15_10_IRQHandler) for EXTI15_10_IRQHandler
    startup_stm32f105xc.o(RESET) refers to stm32f1xx_it.o(i.UART4_IRQHandler) for UART4_IRQHandler
    startup_stm32f105xc.o(RESET) refers to stm32f1xx_it.o(i.UART5_IRQHandler) for UART5_IRQHandler
    startup_stm32f105xc.o(.text) refers (Special) to heapauxi.o(.text) for __use_two_region_memory
    startup_stm32f105xc.o(.text) refers to system_stm32f1xx.o(i.SystemInit) for SystemInit
    startup_stm32f105xc.o(.text) refers to __main.o(!!!main) for __main
    startup_stm32f105xc.o(.text) refers to startup_stm32f105xc.o(HEAP) for Heap_Mem
    startup_stm32f105xc.o(.text) refers to startup_stm32f105xc.o(STACK) for Stack_Mem
    main.o(i._Z18SystemClock_Configv) refers to rt_memclr_w.o(.text) for __aeabi_memclr4
    main.o(i._Z18SystemClock_Configv) refers to stm32f1xx_hal_rcc.o(i.HAL_RCC_OscConfig) for HAL_RCC_OscConfig
    main.o(i._Z18SystemClock_Configv) refers to main.o(i.Error_Handler) for Error_Handler
    main.o(i._Z18SystemClock_Configv) refers to stm32f1xx_hal_rcc.o(i.HAL_RCC_ClockConfig) for HAL_RCC_ClockConfig
    main.o(i.main) refers to stm32f1xx_hal.o(i.HAL_Init) for HAL_Init
    main.o(i.main) refers to main.o(i._Z18SystemClock_Configv) for SystemClock_Config()
    main.o(i.main) refers to gpio.o(i.MX_GPIO_Init) for MX_GPIO_Init
    main.o(i.main) refers to dma.o(i.MX_DMA_Init) for MX_DMA_Init
    main.o(i.main) refers to usart.o(i.MX_UART5_Init) for MX_UART5_Init
    main.o(i.main) refers to usart.o(i.MX_USART1_UART_Init) for MX_USART1_UART_Init
    main.o(i.main) refers to usart.o(i.MX_USART2_UART_Init) for MX_USART2_UART_Init
    main.o(i.main) refers to usart.o(i.MX_USART3_UART_Init) for MX_USART3_UART_Init
    main.o(i.main) refers to tim.o(i.MX_TIM2_Init) for MX_TIM2_Init
    main.o(i.main) refers to tim.o(i.MX_TIM3_Init) for MX_TIM3_Init
    main.o(i.main) refers to usart.o(i.MX_UART4_Init) for MX_UART4_Init
    main.o(i.main) refers to tsk_config_and_callback.o(i._Z9Task_Initv) for Task_Init()
    main.o(.ARM.exidx) refers to main.o(i.Error_Handler) for i.Error_Handler
    main.o(.ARM.exidx) refers to main.o(i._Z18SystemClock_Configv) for i._Z18SystemClock_Configv
    main.o(.ARM.exidx) refers to main.o(i.main) for i.main
    gpio.o(i.MX_GPIO_Init) refers to stm32f1xx_hal_gpio.o(i.HAL_GPIO_WritePin) for HAL_GPIO_WritePin
    gpio.o(i.MX_GPIO_Init) refers to stm32f1xx_hal_gpio.o(i.HAL_GPIO_Init) for HAL_GPIO_Init
    gpio.o(i.MX_GPIO_Init) refers to stm32f1xx_hal_cortex.o(i.HAL_NVIC_SetPriority) for HAL_NVIC_SetPriority
[...]
    i._Z17TIM_OC3_SetConfigP11TIM_TypeDefPK18TIM_OC_InitTypeDef 0x08003a40   Section        0  stm32f1xx_hal_tim.o(i._Z17TIM_OC3_SetConfigP11TIM_TypeDefPK18TIM_OC_InitTypeDef)
    TIM_OC3_SetConfig(TIM_TypeDef*, const TIM_OC_InitTypeDef*) 0x08003a41   Thumb Code    98  stm32f1xx_hal_tim.o(i._Z17TIM_OC3_SetConfigP11TIM_TypeDefPK18TIM_OC_InitTypeDef)
    i._Z17TIM_OC4_SetConfigP11TIM_TypeDefPK18TIM_OC_InitTypeDef 0x08003aa8   Section        0  stm32f1xx_hal_tim.o(i._Z17TIM_OC4_SetConfigP11TIM_TypeDefPK18TIM_OC_InitTypeDef)
    TIM_OC4_SetConfig(TIM_TypeDef*, const TIM_OC_InitTypeDef*) 0x08003aa9   Thumb Code    68  stm32f1xx_hal_tim.o(i._Z17TIM_OC4_SetConfigP11TIM_TypeDefPK18TIM_OC_InitTypeDef)
    i._Z18SystemClock_Configv                0x08003af0   Section        0  main.o(i._Z18SystemClock_Configv)
    i._Z18TIM_ITRx_SetConfigP11TIM_TypeDefj  0x08003b68   Section        0  stm32f1xx_hal_tim.o(i._Z18TIM_ITRx_SetConfigP11TIM_TypeDefj)
    TIM_ITRx_SetConfig(TIM_TypeDef*, unsigned) 0x08003b69   Thumb Code    18  stm32f1xx_hal_tim.o(i._Z18TIM_ITRx_SetConfigP11TIM_TypeDefj)
    i._Z18UART_DMARxHalfCpltP19__DMA_HandleTypeDef 0x08003b7a   Section        0  stm32f1xx_hal_uart.o(i._Z18UART_DMARxHalfCpltP19__DMA_HandleTypeDef)
    UART_DMARxHalfCplt(__DMA_HandleTypeDef*) 0x08003b7b   Thumb Code    36  stm32f1xx_hal_uart.o(i._Z18UART_DMARxHalfCpltP19__DMA_HandleTypeDef)
    i._Z18UART_EndRxTransferP20__UART_HandleTypeDef 0x08003b9e   Section        0  stm32f1xx_hal_uart.o(i._Z18UART_EndRxTransferP20__UART_HandleTypeDef)
    UART_EndRxTransfer(__UART_HandleTypeDef*) 0x08003b9f   Thumb Code   108  stm32f1xx_hal_uart.o(i._Z18UART_EndRxTransferP20__UART_HandleTypeDef)
    i._Z18UART_EndTxTransferP20__UART_HandleTypeDef 0x08003c0a   Section        0  stm32f1xx_hal_uart.o(i._Z18UART_EndTxTransferP20__UART_HandleTypeDef)
    UART_EndTxTransfer(__UART_HandleTypeDef*) 0x08003c0b   Thumb Code    38  stm32f1xx_hal_uart.o(i._Z18UART_EndTxTransferP20__UART_HandleTypeDef)
    i._Z18__NVIC_SetPriority9IRQn_Typej      0x08003c30   Section        0  stm32f1xx_hal_cortex.o(i._Z18__NVIC_SetPriority9IRQn_Typej)
    __NVIC_SetPriority(IRQn_Type, unsigned)  0x08003c31   Thumb Code    32  stm32f1xx_hal_cortex.o(i._Z18__NVIC_SetPriority9IRQn_Typej)
    i._Z19ER08_UART3_CallbackPht             0x08003c58   Section        0  tsk_config_and_callback.o(i._Z19ER08_UART3_CallbackPht)
    i._Z19UART_DMAReceiveCpltP19__DMA_HandleTypeDef 0x08003c70   Section        0  stm32f1xx_hal_uart.o(i._Z19UART_DMAReceiveCpltP19__DMA_HandleTypeDef)
    UART_DMAReceiveCplt(__DMA_HandleTypeDef*) 0x08003c71   Thumb Code   180  stm32f1xx_hal_uart.o(i._Z19UART_DMAReceiveCpltP19__DMA_HandleTypeDef)
    i._Z19UART_EndTransmit_ITP20__UART_HandleTypeDef 0x08003d24   Section        0  stm32f1xx_hal_uart.o(i._Z19UART_EndTransmit_ITP20__UART_HandleTypeDef)
    UART_EndTransmit_IT(__UART_HandleTypeDef*) 0x08003d25   Thumb Code    32  stm32f1xx_hal_uart.o(i._Z19UART_EndTransmit_ITP20__UART_HandleTypeDef)
    i._Z20UART_DMAAbortOnErrorP19__DMA_HandleTypeDef 0x08003d44   Section        0  stm32f1xx_hal_uart.o(i._Z20UART_DMAAbortOnErrorP19__DMA_HandleTypeDef)
    UART_DMAAbortOnError(__DMA_HandleTypeDef*) 0x08003d45   Thumb Code    20  stm32f1xx_hal_uart.o(i._Z20UART_DMAAbortOnErrorP19__DMA_HandleTypeDef)
    i._Z21Tjc011_UART2_CallbackPht           0x08003d58   Section        0  tsk_config_and_callback.o(i._Z21Tjc011_UART2_CallbackPht)
    i._Z24TIM_TI1_ConfigInputStageP11TIM_TypeDefjj 0x08003d74   Section        0  stm32f1xx_hal_tim.o(i._Z24TIM_TI1_ConfigInputStageP11TIM_TypeDefjj)
    TIM_TI1_ConfigInputStage(TIM_TypeDef*, unsigned, unsigned) 0x08003d75   Thumb Code    38  stm32f1xx_hal_tim.o(i._Z24TIM_TI1_ConfigInputStageP11TIM_TypeDefjj)
    i._Z24TIM_TI2_ConfigInputStageP11TIM_TypeDefjj 0x08003d9a   Section        0  stm32f1xx_hal_tim.o(i._Z24TIM_TI2_ConfigInputStageP11TIM_TypeDefjj)
    TIM_TI2_ConfigInputStage(TIM_TypeDef*, unsigned, unsigned) 0x08003d9b   Thumb Code    40  stm32f1xx_hal_tim.o(i._Z24TIM_TI2_ConfigInputStageP11TIM_TypeDefjj)
    i._Z26__NVIC_GetPriorityGroupingv        0x08003dc4   Section        0  stm32f1xx_hal_cortex.o(i._Z26__NVIC_GetPriorityGroupingv)
    __NVIC_GetPriorityGrouping()             0x08003dc5   Thumb Code    10  stm32f1xx_hal_cortex.o(i._Z26__NVIC_GetPriorityGroupingv)
    i._Z27UART_WaitOnFlagUntilTimeoutP20__UART_HandleTypeDefj10FlagStatusjj 0x08003dd4   Section        0  stm32f1xx_hal_uart.o(i._Z27UART_WaitOnFlagUntilTimeoutP20__UART_HandleTypeDefj10FlagStatusjj)
    UART_WaitOnFlagUntilTimeout(__UART_HandleTypeDef*, unsigned, FlagStatus, unsigned, unsigned) 0x08003dd5   Thumb Code   146  stm32f1xx_hal_uart.o(i._Z27UART_WaitOnFlagUntilTimeoutP20__UART_HandleTypeDefj10FlagStatusjj)
    i._Z34TIM2_Task1ms_PeriodElapsedCallbackv 0x08003e68   Section        0  tsk_config_and_callback.o(i._Z34TIM2_Task1ms_PeriodElapsedCallbackv)
    i._Z8TIM_InitP17TIM_HandleTypeDefPFvvE   0x08003e78   Section        0  drv_tim.o(i._Z8TIM_InitP17TIM_HandleTypeDefPFvvE)
    i._Z9RCC_Delayj                          0x08003f1c   Section        0  stm32f1xx_hal_rcc.o(i._Z9RCC_Delayj)
    RCC_Delay(unsigned)                      0x08003f1d   Thumb Code    36  stm32f1xx_hal_rcc.o(i._Z9RCC_Delayj)
    i._Z9Task_Initv                          0x08003f44   Section        0  tsk_config_and_callback.o(i._Z9Task_Initv)
    i._Z9UART_InitP20__UART_HandleTypeDefPFvPhtEt 0x08003fbc   Section        0  drv_uart.o(i._Z9UART_InitP20__UART_HandleTypeDefPFvPhtEt)
    i._ZN10Class_ER0812Data_ProcessEv        0x080040a0   Section        0  dvc_er08.o(i._ZN10Class_ER0812Data_ProcessEv)
    i._ZN10Class_ER0819UART_RxCpltCallbackEPh 0x08004128   Section        0  dvc_er08.o(i._ZN10Class_ER0819UART_RxCpltCallbackEPh)
    i._ZN10Class_ER084InitEP20__UART_HandleTypeDef 0x08004138   Section        0  dvc_er08.o(i._ZN10Class_ER084InitEP20__UART_HandleTypeDef)
    i._ZN12Class_Tjc01112Data_ProcessEv      0x080041ac   Section        0  dvc_tjc011.o(i._ZN12Class_Tjc01112Data_ProcessEv)
    i._ZN12Class_Tjc01119UART_RxCpltCallbackEPh 0x080041fc   Section        0  dvc_tjc011.o(i._ZN12Class_Tjc01119UART_RxCpltCallbackEPh)
    i._ZN12Class_Tjc0114InitEP20__UART_HandleTypeDef 0x0800420c   Section        0  dvc_tjc011.o(i._ZN12Class_Tjc0114InitEP20__UART_HandleTypeDef)
    i._ZN13Class_Chariot12Jundge_CargoEv     0x08004280   Section        0  ita_chariot.o(i._ZN13Class_Chariot12Jundge_CargoEv)
    i._ZN13Class_Chariot12Output_CargoEv     0x080042aa   Section        0  ita_chariot.o(i._ZN13Class_Chariot12Output_CargoEv)
    i._ZN13Class_Chariot14Get_Cargo_DataEv   0x080042d2   Section        0  ita_chariot.o(i._ZN13Class_Chariot14Get_Cargo_DataEv)
    i._ZN13Class_Chariot19UART_Send_Add_CargoEv 0x08004384   Section        0  ita_chariot.o(i._ZN13Class_Chariot19UART_Send_Add_CargoEv)
    i._ZN13Class_Chariot22UART_Send_Delete_CargoEv 0x080043e0   Section        0  ita_chariot.o(i._ZN13Class_Chariot22UART_Send_Delete_CargoEv)
    i._ZN13Class_Chariot4InitEv              0x0800443c   Section        0  ita_chariot.o(i._ZN13Class_Chariot4InitEv)
    i._ZN13Class_SIM900A16Sim900a_Send_CmdEPh 0x08004480   Section        0  dvc_sim900a.o(i._ZN13Class_SIM900A16Sim900a_Send_CmdEPh)
    i._ZN13Class_SIM900A17Sim900a_Send_DataEPcS0_ 0x080044a0   Section        0  dvc_sim900a.o(i._ZN13Class_SIM900A17Sim900a_Send_DataEPcS0_)
    i._ZN16Class_Cargo_List11Exist_CargoEPh  0x080045ec   Section        0  dvc_cargo.o(i._ZN16Class_Cargo_List11Exist_CargoEPh)
    i._ZN16Class_Cargo_List12Delete_CargoEPh 0x08004626   Section        0  dvc_cargo.o(i._ZN16Class_Cargo_List12Delete_CargoEPh)
    i._ZN16Class_Cargo_List4InitEv           0x080046ae   Section        0  dvc_cargo.o(i._ZN16Class_Cargo_List4InitEv)
    i._ZN16Class_Cargo_List9Add_CargoE15Enum_Cargo_Type16Enum_Cargo_FloorhhPhS2_ 0x080046b4   Section        0  dvc_cargo.o(i._ZN16Class_Cargo_List9Add_CargoE15Enum_Cargo_Type16Enum_Cargo_FloorhhPhS2_)
    i._ZN25Class_FSM_Chariot_Control39Reload_TIM_Status_PeriodElapsedCallbackEv 0x08004718   Section        0  ita_chariot.o(i._ZN25Class_FSM_Chariot_Control39Reload_TIM_Status_PeriodElapsedCallbackEv)
    i._ZN9Class_FSM4InitEhh                  0x08004840   Section        0  alg_fsm.o(i._ZN9Class_FSM4InitEhh)
    i._ZdlPv                                 0x0800486e   Section        0  delete.o(i._ZdlPv)
    i._Znwj                                  0x08004878   Section        0  new.o(i._Znwj)
    i.__cxa_guard_acquire                    0x080048a0   Section        0  cxa_guard_acquire.o(i.__cxa_guard_acquire)
    i.main                                   0x080048b0   Section        0  main.o(i.main)
    .constdata                               0x080048e4   Section       30  stm32f1xx_hal_rcc.o(.constdata)
    aPLLMULFactorTable                       0x080048e4   Data          14  stm32f1xx_hal_rcc.o(.constdata)
    aPredivFactorTable                       0x080048f2   Data          16  stm32f1xx_hal_rcc.o(.constdata)
    .constdata                               0x08004902   Section       24  system_stm32f1xx.o(.constdata)
    .data                                    0x20000000   Section        9  stm32f1xx_hal.o(.data)
    .data                                    0x2000000c   Section        4  system_stm32f1xx.o(.data)
    .data                                    0x20000010   Section        1  dvc_er08.o(.data)
    .data                                    0x20000012   Section        2  dvc_tjc011.o(.data)
    .data                                    0x20000014   Section      112  drv_tim.o(.data)
    .data                                    0x20000084   Section     2764  ita_chariot.o(.data)
    _ZGVlength                               0x20000b3c   Data           4  ita_chariot.o(.data)
    Change_Tone_Flag                         0x20000b40   Data           1  ita_chariot.o(.data)
    i                                        0x20000b44   Data           4  ita_chariot.o(.data)
    CNT                                      0x20000b48   Data           4  ita_chariot.o(.data)
    length                                   0x20000b4c   Data           4  ita_chariot.o(.data)
    .bss                                     0x20000b50   Section      144  tim.o(.bss)
    .bss                                     0x20000be0   Section      564  usart.o(.bss)
    .bss                                     0x20000e14   Section     2195  drv_uart.o(.bss)
    .bss                                     0x200016a8   Section      248  tsk_config_and_callback.o(.bss)
    .bss                                     0x200017a0   Section       13  ita_chariot.o(.bss)
    .bss                                     0x200017b0   Section       96  libspace.o(.bss)
    HEAP                                     0x20001810   Section     3840  startup_stm32f105xc.o(HEAP)
    Heap_Mem                                 0x20001810   Data        3840  startup_stm32f105xc.o(HEAP)
    STACK                                    0x20002710   Section     3840  startup_stm32f105xc.o(STACK)
    Stack_Mem                                0x20002710   Data        3840  startup_stm32f105xc.o(STACK)
    __initial_sp                             0x20003610   Data           0  startup_stm32f105xc.o(STACK)

    Global Symbols

    Symbol Name                              Value     Ov Type        Size  Object(Section)

    BuildAttributes$$THM_ISAv4$P$D$K$B$S$PE$A:L22UL41UL21$X:L11$S22US41US21$IEEE1$IW$USESV6$~STKCKD$USESV7$~SHL$OTIME$ROPI$IEEEX$EBA8$UX$STANDARDLIB$REQ8$PRES8$EABIv2 0x00000000   Number         0  anon$$obj.o ABSOLUTE
    __ARM_use_no_argv                        0x00000000   Number         0  main.o ABSOLUTE
    SHT$$ARM_EXIDX$$Base                      - Undefined Reference
    SHT$$ARM_EXIDX$$Limit                     - Undefined Reference
    __ARM::default_unexpected_handler()       - Undefined Weak Reference
    __ARM_exceptions_buffer_required          - Undefined Weak Reference
    __ARM_exceptions_init                     - Undefined Weak Reference
    __aeabi_unwind_cpp_pr1                    - Undefined Weak Reference
    __aeabi_unwind_cpp_pr2                    - Undefined Weak Reference
    __alloca_initialize                       - Undefined Weak Reference
    __arm_preinit_                            - Undefined Weak Reference
    __cpp_initialize__aeabi_                  - Undefined Weak Reference
    __cxa_begin_cleanup                       - Undefined Weak Reference
    __cxa_finalize                            - Undefined Weak Reference
    __cxa_type_match                          - Undefined Weak Reference
    __rt_locale                               - Undefined Weak Reference
    __sigvec_lookup                           - Undefined Weak Reference
    __user_heap_extent                        - Undefined Weak Reference
    _atexit_init                              - Undefined Weak Reference
    _call_atexit_fns                          - Undefined Weak Reference
    _clock_init                               - Undefined Weak Reference
    _fp_trap_init                             - Undefined Weak Reference
    _fp_trap_shutdown                         - Undefined Weak Reference
    _get_lc_collate                           - Undefined Weak Reference
    _get_lc_ctype                             - Undefined Weak Reference
    _get_lc_monetary                          - Undefined Weak Reference
    _get_lc_numeric                           - Undefined Weak Reference
    _get_lc_time                              - Undefined Weak Reference
    _getenv_init                              - Undefined Weak Reference
    _handle_redirection                       - Undefined Weak Reference
    _initio                                   - Undefined Weak Reference
    _mutex_acquire                            - Undefined Weak Reference
    _mutex_free                               - Undefined Weak Reference
    _mutex_release                            - Undefined Weak Reference
    _printf_mbtowc                            - Undefined Weak Reference
    _printf_post_padding                      - Undefined Weak Reference
    _printf_pre_padding                       - Undefined Weak Reference
    _rand_init                                - Undefined Weak Reference
    _signal_finish                            - Undefined Weak Reference
    _signal_init                              - Undefined Weak Reference
    _terminateio                              - Undefined Weak Reference
    __Vectors_Size                           0x00000150   Number         0  startup_stm32f105xc.o ABSOLUTE
    __Vectors                                0x08000000   Data           4  startup_stm32f105xc.o(RESET)
    __Vectors_End                            0x08000150   Data           0  startup_stm32f105xc.o(RESET)
    __main                                   0x08000151   Thumb Code     8  __main.o(!!!main)
    __scatterload                            0x08000159   Thumb Code     0  __scatter.o(!!!scatter)
    __scatterload_rt2                        0x08000159   Thumb Code    44  __scatter.o(!!!scatter)
    __scatterload_rt2_thumb_only             0x08000159   Thumb Code     0  __scatter.o(!!!scatter)
    __scatterload_null                       0x08000167   Thumb Code     0  __scatter.o(!!!scatter)
    __decompress                             0x0800018d   Thumb Code   100  __dclz77c.o(!!dclz77c)
    __decompress2                            0x0800018d   Thumb Code     0  __dclz77c.o(!!dclz77c)
    __scatterload_zeroinit                   0x080001f1   Thumb Code    28  __scatter_zi.o(!!handler_zi)
    _printf_percent                          0x0800020d   Thumb Code     0  _printf_percent.o(.ARM.Collect$$_printf_percent$$00000000)
    _printf_s                                0x0800020d   Thumb Code     0  _printf_s.o(.ARM.Collect$$_printf_percent$$00000014)
    _printf_percent_end                      0x08000213   Thumb Code     0  _printf_percent_end.o(.ARM.Collect$$_printf_percent$$00000017)
    __rt_lib_init                            0x08000217   Thumb Code     0  libinit.o(.ARM.Collect$$libinit$$00000000)
    __rt_lib_init_fp_1                       0x08000219   Thumb Code     0  libinit2.o(.ARM.Collect$$libinit$$00000002)
    __rt_lib_init_heap_2                     0x08000219   Thumb Code     0  libinit2.o(.ARM.Collect$$libinit$$00000005)
    __rt_lib_init_preinit_1                  0x08000219   Thumb Code     0  libinit2.o(.ARM.Collect$$libinit$$00000004)
    __rt_lib_init_alloca_1                   0x08000221   Thumb Code     0  libinit2.o(.ARM.Collect$$libinit$$0000002E)
    __rt_lib_init_argv_1                     0x08000221   Thumb Code     0  libinit2.o(.ARM.Collect$$libinit$$0000002C)
    __rt_lib_init_atexit_1                   0x08000221   Thumb Code     0  libinit2.o(.ARM.Collect$$libinit$$0000001B)
    __rt_lib_init_clock_1                    0x08000221   Thumb Code     0  libinit2.o(.ARM.Collect$$libinit$$00000021)
    __rt_lib_init_cpp_1                      0x08000221   Thumb Code     0  libinit2.o(.ARM.Collect$$libinit$$00000032)
    __rt_lib_init_exceptions_1               0x08000221   Thumb Code     0  libinit2.o(.ARM.Collect$$libinit$$00000030)
    __rt_lib_init_fp_trap_1                  0x08000221   Thumb Code     0  libinit2.o(.ARM.Collect$$libinit$$0000001F)
    __rt_lib_init_getenv_1                   0x08000221   Thumb Code     0  libinit2.o(.ARM.Collect$$libinit$$00000023)
    __rt_lib_init_heap_1                     0x08000221   Thumb Code     0  libinit2.o(.ARM.Collect$$libinit$$0000000A)
    __rt_lib_init_lc_collate_1               0x08000221   Thumb Code     0  libinit2.o(.ARM.Collect$$libinit$$00000011)
    __rt_lib_init_lc_ctype_1                 0x08000221   Thumb Code     0  libinit2.o(.ARM.Collect$$libinit$$00000013)
    __rt_lib_init_lc_monetary_1              0x08000221   Thumb Code     0  libinit2.o(.ARM.Collect$$libinit$$00000015)
    __rt_lib_init_lc_numeric_1               0x08000221   Thumb Code     0  libinit2.o(.ARM.Collect$$libinit$$00000017)
    __rt_lib_init_lc_time_1                  0x08000221   Thumb Code     0  libinit2.o(.ARM.Collect$$libinit$$00000019)
    __rt_lib_init_rand_1                     0x08000221   Thumb Code     0  libinit2.o(.ARM.Collect$$libinit$$0000000E)
    __rt_lib_init_return                     0x08000221   Thumb Code     0  libinit2.o(.ARM.Collect$$libinit$$00000033)
    __rt_lib_init_signal_1                   0x08000221   Thumb Code     0  libinit2.o(.ARM.Collect$$libinit$$0000001D)
    __rt_lib_init_stdio_1                    0x08000221   Thumb Code     0  libinit2.o(.ARM.Collect$$libinit$$00000025)
    __rt_lib_init_user_alloc_1               0x08000221   Thumb Code     0  libinit2.o(.ARM.Collect$$libinit$$0000000C)
    __rt_lib_shutdown                        0x08000223   Thumb Code     0  libshutdown.o(.ARM.Collect$$libshutdown$$00000000)
    __rt_lib_shutdown_cpp_1                  0x08000225   Thumb Code     0  libshutdown2.o(.ARM.Collect$$libshutdown$$00000002)
    __rt_lib_shutdown_fp_trap_1              0x08000225   Thumb Code     0  libshutdown2.o(.ARM.Collect$$libshutdown$$00000007)
    __rt_lib_shutdown_heap_1                 0x08000225   Thumb Code     0  libshutdown2.o(.ARM.Collect$$libshutdown$$0000000F)
    __rt_lib_shutdown_return                 0x08000225   Thumb Code     0  libshutdown2.o(.ARM.Collect$$libshutdown$$00000010)
    __rt_lib_shutdown_signal_1               0x08000225   Thumb Code     0  libshutdown2.o(.ARM.Collect$$libshutdown$$0000000A)
    __rt_lib_shutdown_stdio_1                0x08000225   Thumb Code     0  libshutdown2.o(.ARM.Collect$$libshutdown$$00000004)
    __rt_lib_shutdown_user_alloc_1           0x08000225   Thumb Code     0  libshutdown2.o(.ARM.Collect$$libshutdown$$0000000C)
    __rt_entry                               0x08000227   Thumb Code     0  __rtentry.o(.ARM.Collect$$rtentry$$00000000)
    __rt_entry_presh_1                       0x08000227   Thumb Code     0  __rtentry2.o(.ARM.Collect$$rtentry$$00000002)
    __rt_entry_sh                            0x08000227   Thumb Code     0  __rtentry4.o(.ARM.Collect$$rtentry$$00000004)
    __rt_entry_li                            0x0800022d   Thumb Code     0  __rtentry2.o(.ARM.Collect$$rtentry$$0000000A)
    __rt_entry_postsh_1                      0x0800022d   Thumb Code     0  __rtentry2.o(.ARM.Collect$$rtentry$$00000009)
    __rt_entry_main                          0x08000231   Thumb Code     0  __rtentry2.o(.ARM.Collect$$rtentry$$0000000D)
    __rt_entry_postli_1                      0x08000231   Thumb Code     0  __rtentry2.o(.ARM.Collect$$rtentry$$0000000C)
    __rt_exit                                0x08000239   Thumb Code     0  rtexit.o(.ARM.Collect$$rtexit$$00000000)
    __rt_exit_ls                             0x0800023b   Thumb Code     0  rtexit2.o(.ARM.Collect$$rtexit$$00000003)
    __rt_exit_prels_1                        0x0800023b   Thumb Code     0  rtexit2.o(.ARM.Collect$$rtexit$$00000002)
    __rt_exit_exit                           0x0800023f   Thumb Code     0  rtexit2.o(.ARM.Collect$$rtexit$$00000004)
    Reset_Handler                            0x08000245   Thumb Code     8  startup_stm32f105xc.o(.text)
    _maybe_terminate_alloc                   0x08000245   Thumb Code     0  maybetermalloc1.o(.emb_text)
    ADC1_2_IRQHandler                        0x0800025f   Thumb Code     0  startup_stm32f105xc.o(.text)
    CAN1_RX0_IRQHandler                      0x0800025f   Thumb Code     0  startup_stm32f105xc.o(.text)
    CAN1_RX1_IRQHandler                      0x0800025f   Thumb Code     0  startup_stm32f105xc.o(.text)
    CAN1_SCE_IRQHandler                      0x0800025f   Thumb Code     0  startup_stm32f105xc.o(.text)
    CAN1_TX_IRQHandler                       0x0800025f   Thumb Code     0  startup_stm32f105xc.o(.text)
    CAN2_RX0_IRQHandler                      0x0800025f   Thumb Code     0  startup_stm32f105xc.o(.text)
    CAN2_RX1_IRQHandler                      0x0800025f   Thumb Code     0  startup_stm32f105xc.o(.text)
    CAN2_SCE_IRQHandler                      0x0800025f   Thumb Code     0  startup_stm32f105xc.o(.text)
    CAN2_TX_IRQHandler                       0x0800025f   Thumb Code     0  startup_stm32f105xc.o(.text)
    DMA1_Channel1_IRQHandler                 0x0800025f   Thumb Code     0  startup_stm32f105xc.o(.text)
    DMA1_Channel2_IRQHandler                 0x0800025f   Thumb Code     0  startup_stm32f105xc.o(.text)
    DMA1_Channel5_IRQHandler                 0x0800025f   Thumb Code     0  startup_stm32f105xc.o(.text)
    DMA1_Channel7_IRQHandler                 0x0800025f   Thumb Code     0  startup_stm32f105xc.o(.text)
    DMA2_Channel1_IRQHandler                 0x0800025f   Thumb Code     0  startup_stm32f105xc.o(.text)
    DMA2_Channel2_IRQHandler                 0x0800025f   Thumb Code     0  startup_stm32f105xc.o(.text)
    DMA2_Channel3_IRQHandler                 0x0800025f   Thumb Code     0  startup_stm32f105xc.o(.text)
    DMA2_Channel4_IRQHandler                 0x0800025f   Thumb Code     0  startup_stm32f105xc.o(.text)
    DMA2_Channel5_IRQHandler                 0x0800025f   Thumb Code     0  startup_stm32f105xc.o(.text)
    EXTI0_IRQHandler                         0x0800025f   Thumb Code     0  startup_stm32f105xc.o(.text)
    EXTI1_IRQHandler                         0x0800025f   Thumb Code     0  startup_stm32f105xc.o(.text)
    EXTI2_IRQHandler                         0x0800025f   Thumb Code     0  startup_stm32f105xc.o(.text)
    EXTI3_IRQHandler                         0x0800025f   Thumb Code     0  startup_stm32f105xc.o(.text)
    EXTI4_IRQHandler                         0x0800025f   Thumb Code     0  startup_stm32f105xc.o(.text)
    EXTI9_5_IRQHandler                       0x0800025f   Thumb Code     0  startup_stm32f105xc.o(.text)
    FLASH_IRQHandler                         0x0800025f   Thumb Code     0  startup_stm32f105xc.o(.text)
    I2C1_ER_IRQHandler                       0x0800025f   Thumb Code     0  startup_stm32f105xc.o(.text)
    I2C1_EV_IRQHandler                       0x0800025f   Thumb Code     0  startup_stm32f105xc.o(.text)
    I2C2_ER_IRQHandler                       0x0800025f   Thumb Code     0  startup_stm32f105xc.o(.text)
    I2C2_EV_IRQHandler                       0x0800025f   Thumb Code     0  startup_stm32f105xc.o(.text)
    OTG_FS_IRQHandler                        0x0800025f   Thumb Code     0  startup_stm32f105xc.o(.text)
    OTG_FS_WKUP_IRQHandler                   0x0800025f   Thumb Code     0  startup_stm32f105xc.o(.text)
    PVD_IRQHandler                           0x0800025f   Thumb Code     0  startup_stm32f105xc.o(.text)
    RCC_IRQHandler                           0x0800025f   Thumb Code     0  startup_stm32f105xc.o(.text)
    RTC_Alarm_IRQHandler                     0x0800025f   Thumb Code     0  startup_stm32f105xc.o(.text)
    RTC_IRQHandler                           0x0800025f   Thumb Code     0  startup_stm32f105xc.o(.text)
    SPI1_IRQHandler                          0x0800025f   Thumb Code     0  startup_stm32f105xc.o(.text)
    SPI2_IRQHandler                          0x0800025f   Thumb Code     0  startup_stm32f105xc.o(.text)
    SPI3_IRQHandler                          0x0800025f   Thumb Code     0  startup_stm32f105xc.o(.text)
    TAMPER_IRQHandler                        0x0800025f   Thumb Code     0  startup_stm32f105xc.o(.text)
    TIM1_BRK_IRQHandler                      0x0800025f   Thumb Code     0  startup_stm32f105xc.o(.text)
    TIM1_CC_IRQHandler                       0x0800025f   Thumb Code     0  startup_stm32f105xc.o(.text)
    TIM1_TRG_COM_IRQHandler                  0x0800025f   Thumb Code     0  startup_stm32f105xc.o(.text)
    TIM1_UP_IRQHandler                       0x0800025f   Thumb Code     0  startup_stm32f105xc.o(.text)
    TIM3_IRQHandler                          0x0800025f   Thumb Code     0  startup_stm32f105xc.o(.text)
    TIM4_IRQHandler                          0x0800025f   Thumb Code     0  startup_stm32f105xc.o(.text)
    TIM5_IRQHandler                          0x0800025f   Thumb Code     0  startup_stm32f105xc.o(.text)
    TIM6_IRQHandler                          0x0800025f   Thumb Code     0  startup_stm32f105xc.o(.text)
    TIM7_IRQHandler                          0x0800025f   Thumb Code     0  startup_stm32f105xc.o(.text)
    WWDG_IRQHandler                          0x0800025f   Thumb Code     0  startup_stm32f105xc.o(.text)
    __user_initial_stackheap                 0x08000261   Thumb Code     0  startup_stm32f105xc.o(.text)
    __aeabi_uldivmod                         0x08000285   Thumb Code     0  lludivv7m.o(.text)
    _ll_udiv                                 0x08000285   Thumb Code   238  lludivv7m.o(.text)
    __2sprintf                               0x08000375   Thumb Code    34  noretval__2sprintf.o(.text)
    __printf                                 0x0800039d   Thumb Code   104  __printf.o(.text)
    _printf_str                              0x08000405   Thumb Code    82  _printf_str.o(.text)
    strlen                                   0x08000457   Thumb Code    62  strlen.o(.text)
    __aeabi_memcpy                           0x08000495   Thumb Code     0  rt_memcpy_v6.o(.text)
    __rt_memcpy                              0x08000495   Thumb Code   138  rt_memcpy_v6.o(.text)
    _memcpy_lastbytes                        0x080004fb   Thumb Code     0  rt_memcpy_v6.o(.text)
    __aeabi_memcpy4                          0x0800051f   Thumb Code     0  rt_memcpy_w.o(.text)
    __aeabi_memcpy8                          0x0800051f   Thumb Code     0  rt_memcpy_w.o(.text)
    __rt_memcpy_w                            0x0800051f   Thumb Code   100  rt_memcpy_w.o(.text)
    _memcpy_lastbytes_aligned                0x08000567   Thumb Code     0  rt_memcpy_w.o(.text)
    __aeabi_memclr                           0x08000583   Thumb Code     0  rt_memclr.o(.text)
    __rt_memclr                              0x08000583   Thumb Code    68  rt_memclr.o(.text)
    _memset                                  0x08000587   Thumb Code     0  rt_memclr.o(.text)
    __aeabi_memclr4                          0x080005c7   Thumb Code     0  rt_memclr_w.o(.text)
    __aeabi_memclr8                          0x080005c7   Thumb Code     0  rt_memclr_w.o(.text)
    __rt_memclr_w                            0x080005c7   Thumb Code    78  rt_memclr_w.o(.text)
    _memset_w                                0x080005cb   Thumb Code     0  rt_memclr_w.o(.text)
    __use_two_region_memory                  0x08000615   Thumb Code     2  heapauxi.o(.text)
    __rt_heap_escrow                         0x08000617   Thumb Code     2  heapauxi.o(.text)
    __rt_heap_expand                         0x08000619   Thumb Code     2  heapauxi.o(.text)
    __rt_new_handler_addr                    0x0800061d   Thumb Code     8  rt_new_handler_addr_intlibspace.o(.text)
    malloc                                   0x08000625   Thumb Code    94  h1_alloc.o(.text)
    free                                     0x08000683   Thumb Code    78  h1_free.o(.text)
    _printf_char_common                      0x080006db   Thumb Code    32  _printf_char_common.o(.text)
    _sputc                                   0x08000701   Thumb Code    10  _sputc.o(.text)
    _printf_cs_common                        0x0800070b   Thumb Code    20  _printf_char.o(.text)
    _printf_char                             0x0800071f   Thumb Code    16  _printf_char.o(.text)
    _printf_string                           0x0800072f   Thumb Code     8  _printf_char.o(.text)
    __default_new_handler()                  0x08000737   Thumb Code     4  arm_newhandler_noexceptions.o(.text)
    __user_libspace                          0x0800073d   Thumb Code     8  libspace.o(.text)
    __user_perproc_libspace                  0x0800073d   Thumb Code     0  libspace.o(.text)
    __user_perthread_libspace                0x0800073d   Thumb Code     0  libspace.o(.text)
    __rt_heap_descriptor                     0x08000745   Thumb Code     8  rt_heap_descriptor_intlibspace.o(.text)
    __use_no_heap                            0x0800074d   Thumb Code     2  hguard.o(.text)
    __heap$guard                             0x0800074f   Thumb Code     2  hguard.o(.text)
    _terminate_user_alloc                    0x08000751   Thumb Code     2  init_alloc.o(.text)
    _init_user_alloc                         0x08000753   Thumb Code     2  init_alloc.o(.text)
    __Heap_Full                              0x08000755   Thumb Code    34  init_alloc.o(.text)
    __Heap_Broken                            0x08000777   Thumb Code     6  init_alloc.o(.text)
    _init_alloc                              0x0800077d   Thumb Code    94  init_alloc.o(.text)
    __Heap_Initialize                        0x080007db   Thumb Code    10  h1_init.o(.text)
    __Heap_DescSize                          0x080007e5   Thumb Code     4  h1_init.o(.text)
    std::terminate()                         0x080007e9   Thumb Code    26  arm_exceptions_terminate.o(.text)
    __user_setup_stackheap                   0x08000803   Thumb Code    74  sys_stackheap_outer.o(.text)
    __Heap_ProvideMemory                     0x0800084d   Thumb Code    52  h1_extend.o(.text)
    exit                                     0x08000881   Thumb Code    18  exit.o(.text)
    abort                                    0x08000893   Thumb Code    22  abort.o(.text)
    __rt_SIGRTMEM                            0x080008a9   Thumb Code    14  defsig_rtmem_outer.o(.text)
    __cxa_get_globals                        0x080008bf   Thumb Code    62  arm_exceptions_globs.o(.text)
    _sys_exit                                0x08000909   Thumb Code     8  sys_exit.o(.text)
    __I$use$semihosting                      0x08000915   Thumb Code     0  use_no_semi.o(.text)
    __use_no_semihosting_swi                 0x08000915   Thumb Code     2  use_no_semi.o(.text)
    __semihosting_library_function           0x08000917   Thumb Code     0  indicate_semi.o(.text)
    __rt_eh_globals_addr                     0x08000919   Thumb Code     8  rt_eh_globals_addr_intlibspace.o(.text)
    __sig_exit                               0x08000921   Thumb Code    10  defsig_exit.o(.text)
    __rt_SIGABRT                             0x0800092b   Thumb Code    14  defsig_abrt_outer.o(.text)
    __rt_SIGRTMEM_inner                      0x08000939   Thumb Code    22  defsig_rtmem_inner.o(.text)
    __ARM_exceptions_buffer_init             0x08000989   Thumb Code    18  arm_exceptions_mem.o(.text)
    __ARM_exceptions_buffer_allocate         0x0800099b   Thumb Code    22  arm_exceptions_mem.o(.text)
    __ARM_exceptions_buffer_free             0x080009b1   Thumb Code    20  arm_exceptions_mem.o(.text)
    __default_signal_display                 0x080009c5   Thumb Code    50  defsig_general.o(.text)
    __rt_SIGABRT_inner                       0x080009f9   Thumb Code    14  defsig_abrt_inner.o(.text)
    _ttywrch                                 0x08000a29   Thumb Code    14  sys_wrch.o(.text)
    BusFault_Handler                         0x08000a37   Thumb Code     4  stm32f1xx_it.o(i.BusFault_Handler)
    DMA1_Channel3_IRQHandler                 0x08000a3d   Thumb Code    10  stm32f1xx_it.o(i.DMA1_Channel3_IRQHandler)
    DMA1_Channel4_IRQHandler                 0x08000a4d   Thumb Code    10  stm32f1xx_it.o(i.DMA1_Channel4_IRQHandler)
    DMA1_Channel6_IRQHandler                 0x08000a5d   Thumb Code    10  stm32f1xx_it.o(i.DMA1_Channel6_IRQHandler)
    DebugMon_Handler                         0x08000a6d   Thumb Code     2  stm32f1xx_it.o(i.DebugMon_Handler)
    EXTI15_10_IRQHandler                     0x08000a6f   Thumb Code    12  stm32f1xx_it.o(i.EXTI15_10_IRQHandler)
    Error_Handler                            0x08000a7b   Thumb Code     6  main.o(i.Error_Handler)
    HAL_DMA_Abort                            0x08000a81   Thumb Code    86  stm32f1xx_hal_dma.o(i.HAL_DMA_Abort)
    HAL_DMA_Abort_IT                         0x08000ad9   Thumb Code   414  stm32f1xx_hal_dma.o(i.HAL_DMA_Abort_IT)
    HAL_DMA_IRQHandler                       0x08000c81   Thumb Code   910  stm32f1xx_hal_dma.o(i.HAL_DMA_IRQHandler)
    HAL_DMA_Init                             0x08001019   Thumb Code   132  stm32f1xx_hal_dma.o(i.HAL_DMA_Init)
    HAL_DMA_Start_IT                         0x080010a5   Thumb Code   156  stm32f1xx_hal_dma.o(i.HAL_DMA_Start_IT)
    HAL_Delay                                0x08001141   Thumb Code    36  stm32f1xx_hal.o(i.HAL_Delay)
    HAL_GPIO_EXTI_Callback                   0x08001169   Thumb Code    56  tsk_config_and_callback.o(i.HAL_GPIO_EXTI_Callback)
    HAL_GPIO_EXTI_IRQHandler                 0x080011a9   Thumb Code    24  stm32f1xx_hal_gpio.o(i.HAL_GPIO_EXTI_IRQHandler)
    HAL_GPIO_Init                            0x080011c5   Thumb Code   764  stm32f1xx_hal_gpio.o(i.HAL_GPIO_Init)
    HAL_GPIO_ReadPin                         0x080014e1   Thumb Code    16  stm32f1xx_hal_gpio.o(i.HAL_GPIO_ReadPin)
    HAL_GPIO_WritePin                        0x080014f1   Thumb Code    12  stm32f1xx_hal_gpio.o(i.HAL_GPIO_WritePin)
    HAL_GetTick                              0x080014fd   Thumb Code     6  stm32f1xx_hal.o(i.HAL_GetTick)
    HAL_HalfDuplex_EnableTransmitter         0x08001509   Thumb Code    68  stm32f1xx_hal_uart.o(i.HAL_HalfDuplex_EnableTransmitter)
    HAL_IncTick                              0x0800154d   Thumb Code    16  stm32f1xx_hal.o(i.HAL_IncTick)
    HAL_Init                                 0x08001565   Thumb Code    34  stm32f1xx_hal.o(i.HAL_Init)
    HAL_InitTick                             0x0800158d   Thumb Code    64  stm32f1xx_hal.o(i.HAL_InitTick)
    HAL_MspInit                              0x080015d9   Thumb Code    72  stm32f1xx_hal_msp.o(i.HAL_MspInit)
    HAL_NVIC_EnableIRQ                       0x08001629   Thumb Code    32  stm32f1xx_hal_cortex.o(i.HAL_NVIC_EnableIRQ)
    HAL_NVIC_SetPriority                     0x08001649   Thumb Code   124  stm32f1xx_hal_cortex.o(i.HAL_NVIC_SetPriority)
    HAL_NVIC_SetPriorityGrouping             0x080016c5   Thumb Code    32  stm32f1xx_hal_cortex.o(i.HAL_NVIC_SetPriorityGrouping)
    HAL_RCC_ClockConfig                      0x080016ed   Thumb Code   376  stm32f1xx_hal_rcc.o(i.HAL_RCC_ClockConfig)
    HAL_RCC_GetHCLKFreq                      0x08001879   Thumb Code     6  stm32f1xx_hal_rcc.o(i.HAL_RCC_GetHCLKFreq)
    HAL_RCC_GetPCLK1Freq                     0x08001885   Thumb Code    22  stm32f1xx_hal_rcc.o(i.HAL_RCC_GetPCLK1Freq)
    HAL_RCC_GetPCLK2Freq                     0x080018a5   Thumb Code    22  stm32f1xx_hal_rcc.o(i.HAL_RCC_GetPCLK2Freq)
    HAL_RCC_GetSysClockFreq                  0x080018c5   Thumb Code   210  stm32f1xx_hal_rcc.o(i.HAL_RCC_GetSysClockFreq)
    HAL_RCC_OscConfig                        0x080019ad   Thumb Code  1374  stm32f1xx_hal_rcc.o(i.HAL_RCC_OscConfig)
    HAL_SYSTICK_Config                       0x08001f15   Thumb Code    52  stm32f1xx_hal_cortex.o(i.HAL_SYSTICK_Config)
    HAL_TIMEx_BreakCallback                  0x08001f49   Thumb Code     2  stm32f1xx_hal_tim_ex.o(i.HAL_TIMEx_BreakCallback)
    HAL_TIMEx_CommutCallback                 0x08001f4b   Thumb Code     2  stm32f1xx_hal_tim_ex.o(i.HAL_TIMEx_CommutCallback)
    HAL_TIMEx_MasterConfigSynchronization    0x08001f4d   Thumb Code   126  stm32f1xx_hal_tim_ex.o(i.HAL_TIMEx_MasterConfigSynchronization)
    HAL_TIM_Base_Init                        0x08001fdd   Thumb Code   102  stm32f1xx_hal_tim.o(i.HAL_TIM_Base_Init)
    HAL_TIM_Base_MspInit                     0x08002045   Thumb Code    92  tim.o(i.HAL_TIM_Base_MspInit)
    HAL_TIM_Base_Start_IT                    0x080020a9   Thumb Code   114  stm32f1xx_hal_tim.o(i.HAL_TIM_Base_Start_IT)
    HAL_TIM_ConfigClockSource                0x0800212d   Thumb Code   268  stm32f1xx_hal_tim.o(i.HAL_TIM_ConfigClockSource)
    HAL_TIM_IC_CaptureCallback               0x08002239   Thumb Code     2  stm32f1xx_hal_tim.o(i.HAL_TIM_IC_CaptureCallback)
    HAL_TIM_IRQHandler                       0x0800223b   Thumb Code   406  stm32f1xx_hal_tim.o(i.HAL_TIM_IRQHandler)
    HAL_TIM_MspPostInit                      0x080023d1   Thumb Code    94  tim.o(i.HAL_TIM_MspPostInit)
    HAL_TIM_OC_DelayElapsedCallback          0x08002441   Thumb Code     2  stm32f1xx_hal_tim.o(i.HAL_TIM_OC_DelayElapsedCallback)
    HAL_TIM_PWM_ConfigChannel                0x08002443   Thumb Code   260  stm32f1xx_hal_tim.o(i.HAL_TIM_PWM_ConfigChannel)
    HAL_TIM_PWM_Init                         0x08002547   Thumb Code   102  stm32f1xx_hal_tim.o(i.HAL_TIM_PWM_Init)
    HAL_TIM_PWM_MspInit                      0x080025ad   Thumb Code     2  stm32f1xx_hal_tim.o(i.HAL_TIM_PWM_MspInit)
    HAL_TIM_PWM_PulseFinishedCallback        0x080025af   Thumb Code     2  stm32f1xx_hal_tim.o(i.HAL_TIM_PWM_PulseFinishedCallback)
    HAL_TIM_PWM_Start                        0x080025b1   Thumb Code   206  stm32f1xx_hal_tim.o(i.HAL_TIM_PWM_Start)
    HAL_TIM_PeriodElapsedCallback            0x08002691   Thumb Code   116  drv_tim.o(i.HAL_TIM_PeriodElapsedCallback)
    HAL_TIM_TriggerCallback                  0x08002739   Thumb Code     2  stm32f1xx_hal_tim.o(i.HAL_TIM_TriggerCallback)
    HAL_UARTEx_ReceiveToIdle_DMA             0x0800273b   Thumb Code   112  stm32f1xx_hal_uart.o(i.HAL_UARTEx_ReceiveToIdle_DMA)
    HAL_UARTEx_RxEventCallback               0x080027ad   Thumb Code   216  drv_uart.o(i.HAL_UARTEx_RxEventCallback)
    HAL_UART_ErrorCallback                   0x080028ad   Thumb Code     2  stm32f1xx_hal_uart.o(i.HAL_UART_ErrorCallback)
    HAL_UART_IRQHandler                      0x080028b1   Thumb Code   734  stm32f1xx_hal_uart.o(i.HAL_UART_IRQHandler)
    HAL_UART_Init                            0x08002b95   Thumb Code   118  stm32f1xx_hal_uart.o(i.HAL_UART_Init)
    HAL_UART_MspInit                         0x08002c0d   Thumb Code   800  usart.o(i.HAL_UART_MspInit)
    HAL_UART_RxCpltCallback                  0x08002f69   Thumb Code     2  stm32f1xx_hal_uart.o(i.HAL_UART_RxCpltCallback)
    HAL_UART_RxHalfCpltCallback              0x08002f6b   Thumb Code     2  stm32f1xx_hal_uart.o(i.HAL_UART_RxHalfCpltCallback)
    HAL_UART_Transmit                        0x08002f6d   Thumb Code   178  stm32f1xx_hal_uart.o(i.HAL_UART_Transmit)
    HAL_UART_TxCpltCallback                  0x0800301f   Thumb Code     2  stm32f1xx_hal_uart.o(i.HAL_UART_TxCpltCallback)
    HardFault_Handler                        0x08003021   Thumb Code     4  stm32f1xx_it.o(i.HardFault_Handler)
    MX_DMA_Init                              0x08003025   Thumb Code    78  dma.o(i.MX_DMA_Init)
    MX_GPIO_Init                             0x08003079   Thumb Code   208  gpio.o(i.MX_GPIO_Init)
    MX_TIM2_Init                             0x08003155   Thumb Code   104  tim.o(i.MX_TIM2_Init)
    MX_TIM3_Init                             0x080031c1   Thumb Code   160  tim.o(i.MX_TIM3_Init)
    MX_UART4_Init                            0x08003269   Thumb Code    46  usart.o(i.MX_UART4_Init)
    MX_UART5_Init                            0x080032a1   Thumb Code    46  usart.o(i.MX_UART5_Init)
    MX_USART1_UART_Init                      0x080032d9   Thumb Code    46  usart.o(i.MX_USART1_UART_Init)
    MX_USART2_UART_Init                      0x08003311   Thumb Code    46  usart.o(i.MX_USART2_UART_Init)
    MX_USART3_UART_Init                      0x08003349   Thumb Code    46  usart.o(i.MX_USART3_UART_Init)
    MemManage_Handler                        0x08003381   Thumb Code     4  stm32f1xx_it.o(i.MemManage_Handler)
    NMI_Handler                              0x08003385   Thumb Code     4  stm32f1xx_it.o(i.NMI_Handler)
    PendSV_Handler                           0x08003389   Thumb Code     2  stm32f1xx_it.o(i.PendSV_Handler)
    SVC_Handler                              0x0800338b   Thumb Code     2  stm32f1xx_it.o(i.SVC_Handler)
    SysTick_Handler                          0x0800338d   Thumb Code     8  stm32f1xx_it.o(i.SysTick_Handler)
    SystemInit                               0x08003395   Thumb Code     2  system_stm32f1xx.o(i.SystemInit)
    TIM2_IRQHandler                          0x08003399   Thumb Code    10  stm32f1xx_it.o(i.TIM2_IRQHandler)
    TIM_Base_SetConfig                       0x080033a9   Thumb Code   116  stm32f1xx_hal_tim.o(i.TIM_Base_SetConfig)
    TIM_CCxChannelCmd                        0x0800342d   Thumb Code    34  stm32f1xx_hal_tim.o(i.TIM_CCxChannelCmd)
    TIM_ETR_SetConfig                        0x0800344f   Thumb Code    22  stm32f1xx_hal_tim.o(i.TIM_ETR_SetConfig)
    TIM_OC2_SetConfig                        0x08003465   Thumb Code   100  stm32f1xx_hal_tim.o(i.TIM_OC2_SetConfig)
    UART4_IRQHandler                         0x080034cd   Thumb Code    10  stm32f1xx_it.o(i.UART4_IRQHandler)
    UART5_IRQHandler                         0x080034dd   Thumb Code    10  stm32f1xx_it.o(i.UART5_IRQHandler)
    UART_Start_Receive_DMA                   0x080034ed   Thumb Code   184  stm32f1xx_hal_uart.o(i.UART_Start_Receive_DMA)
    USART1_IRQHandler                        0x080035b1   Thumb Code    10  stm32f1xx_it.o(i.USART1_IRQHandler)
    USART2_IRQHandler                        0x080035c1   Thumb Code    10  stm32f1xx_it.o(i.USART2_IRQHandler)
    USART3_IRQHandler                        0x080035d1   Thumb Code    10  stm32f1xx_it.o(i.USART3_IRQHandler)
    UsageFault_Handler                       0x080035e1   Thumb Code     4  stm32f1xx_it.o(i.UsageFault_Handler)
    Sing_Songs(unsigned short*, unsigned short) 0x080035e5   Thumb Code   150  ita_chariot.o(i._Z10Sing_SongsPtt)
    UART_Send_Data(__UART_HandleTypeDef*, unsigned char*, unsigned short) 0x08003711   Thumb Code    22  drv_uart.o(i._Z14UART_Send_DataP20__UART_HandleTypeDefPht)
    ASCII_TO_Unicode(char*, char*)           0x0800391f   Thumb Code    98  dvc_sim900a.o(i._Z16ASCII_TO_UnicodePcS_)
    SystemClock_Config()                     0x08003af1   Thumb Code   116  main.o(i._Z18SystemClock_Configv)
    ER08_UART3_Callback(unsigned char*, unsigned short) 0x08003c59   Thumb Code    18  tsk_config_and_callback.o(i._Z19ER08_UART3_CallbackPht)
    Tjc011_UART2_Callback(unsigned char*, unsigned short) 0x08003d59   Thumb Code    22  tsk_config_and_callback.o(i._Z21Tjc011_UART2_CallbackPht)
    TIM2_Task1ms_PeriodElapsedCallback()     0x08003e69   Thumb Code    10  tsk_config_and_callback.o(i._Z34TIM2_Task1ms_PeriodElapsedCallbackv)
    TIM_Init(TIM_HandleTypeDef*, void(*)())  0x08003e79   Thumb Code   112  drv_tim.o(i._Z8TIM_InitP17TIM_HandleTypeDefPFvvE)
    Task_Init()                              0x08003f45   Thumb Code    80  tsk_config_and_callback.o(i._Z9Task_Initv)
    UART_Init(__UART_HandleTypeDef*, void(*)(unsigned char*, unsigned short), unsigned short) 0x08003fbd   Thumb Code   188  drv_uart.o(i._Z9UART_InitP20__UART_HandleTypeDefPFvPhtEt)
    Class_ER08::Data_Process()               0x080040a1   Thumb Code   132  dvc_er08.o(i._ZN10Class_ER0812Data_ProcessEv)
    Class_ER08::UART_RxCpltCallback(unsigned char*) 0x08004129   Thumb Code    14  dvc_er08.o(i._ZN10Class_ER0819UART_RxCpltCallbackEPh)
    Class_ER08::Init(__UART_HandleTypeDef*)  0x08004139   Thumb Code    74  dvc_er08.o(i._ZN10Class_ER084InitEP20__UART_HandleTypeDef)
    Class_Tjc011::Data_Process()             0x080041ad   Thumb Code    76  dvc_tjc011.o(i._ZN12Class_Tjc01112Data_ProcessEv)
    Class_Tjc011::UART_RxCpltCallback(unsigned char*) 0x080041fd   Thumb Code    14  dvc_tjc011.o(i._ZN12Class_Tjc01119UART_RxCpltCallbackEPh)
    Class_Tjc011::Init(__UART_HandleTypeDef*) 0x0800420d   Thumb Code    74  dvc_tjc011.o(i._ZN12Class_Tjc0114InitEP20__UART_HandleTypeDef)
    Class_Chariot::Jundge_Cargo()            0x08004281   Thumb Code    42  ita_chariot.o(i._ZN13Class_Chariot12Jundge_CargoEv)
    Class_Chariot::Output_Cargo()            0x080042ab   Thumb Code    40  ita_chariot.o(i._ZN13Class_Chariot12Output_CargoEv)
    Class_Chariot::Get_Cargo_Data()          0x080042d3   Thumb Code   178  ita_chariot.o(i._ZN13Class_Chariot14Get_Cargo_DataEv)
    Class_Chariot::UART_Send_Add_Cargo()     0x08004385   Thumb Code    92  ita_chariot.o(i._ZN13Class_Chariot19UART_Send_Add_CargoEv)
    Class_Chariot::UART_Send_Delete_Cargo()  0x080043e1   Thumb Code    92  ita_chariot.o(i._ZN13Class_Chariot22UART_Send_Delete_CargoEv)
    Class_Chariot::Init()                    0x0800443d   Thumb Code    56  ita_chariot.o(i._ZN13Class_Chariot4InitEv)
    Class_SIM900A::Sim900a_Send_Cmd(unsigned char*) 0x08004481   Thumb Code    26  dvc_sim900a.o(i._ZN13Class_SIM900A16Sim900a_Send_CmdEPh)
    Class_SIM900A::Sim900a_Send_Data(char*, char*) 0x080044a1   Thumb Code   214  dvc_sim900a.o(i._ZN13Class_SIM900A17Sim900a_Send_DataEPcS0_)
    Class_Cargo_List::Exist_Cargo(unsigned char*) 0x080045ed   Thumb Code    58  dvc_cargo.o(i._ZN16Class_Cargo_List11Exist_CargoEPh)
    Class_Cargo_List::Delete_Cargo(unsigned char*) 0x08004627   Thumb Code   136  dvc_cargo.o(i._ZN16Class_Cargo_List12Delete_CargoEPh)
    Class_Cargo_List::Init()                 0x080046af   Thumb Code     6  dvc_cargo.o(i._ZN16Class_Cargo_List4InitEv)
    Class_Cargo_List::Add_Cargo(Enum_Cargo_Type, Enum_Cargo_Floor, unsigned char, unsigned char, unsigned char*, unsigned char*) 0x080046b5   Thumb Code    98  dvc_cargo.o(i._ZN16Class_Cargo_List9Add_CargoE15Enum_Cargo_Type16Enum_Cargo_FloorhhPhS2_)
    Class_FSM_Chariot_Control::Reload_TIM_Status_PeriodElapsedCallback() 0x08004719   Thumb Code   256  ita_chariot.o(i._ZN25Class_FSM_Chariot_Control39Reload_TIM_Status_PeriodElapsedCallbackEv)
    Class_FSM::Init(unsigned char, unsigned char) 0x08004841   Thumb Code    46  alg_fsm.o(i._ZN9Class_FSM4InitEhh)
    operator delete (void*)                  0x0800486f   Thumb Code     8  delete.o(i._ZdlPv)
    operator new(unsigned)                   0x08004879   Thumb Code    34  new.o(i._Znwj)
    __cxa_guard_acquire                      0x080048a1   Thumb Code    16  cxa_guard_acquire.o(i.__cxa_guard_acquire)
    main                                     0x080048b1   Thumb Code    52  main.o(i.main)
    AHBPrescTable                            0x08004902   Data          16  system_stm32f1xx.o(.constdata)
    APBPrescTable                            0x08004912   Data           8  system_stm32f1xx.o(.constdata)
    Region$$Table$$Base                      0x0800491c   Number         0  anon$$obj.o(Region$$Table)
    Region$$Table$$Limit                     0x0800493c   Number         0  anon$$obj.o(Region$$Table)
    uwTick                                   0x20000000   Data           4  stm32f1xx_hal.o(.data)
    uwTickPrio                               0x20000004   Data           4  stm32f1xx_hal.o(.data)
    uwTickFreq                               0x20000008   Data           1  stm32f1xx_hal.o(.data)
    SystemCoreClock                          0x2000000c   Data           4  system_stm32f1xx.o(.data)
    Cnt                                      0x20000010   Data           1  dvc_er08.o(.data)
    a                                        0x20000012   Data           2  dvc_tjc011.o(.data)
    TIM1_Manage_Object                       0x20000014   Data           8  drv_tim.o(.data)
    TIM2_Manage_Object                       0x2000001c   Data           8  drv_tim.o(.data)
    TIM3_Manage_Object                       0x20000024   Data           8  drv_tim.o(.data)
    TIM4_Manage_Object                       0x2000002c   Data           8  drv_tim.o(.data)
    TIM5_Manage_Object                       0x20000034   Data           8  drv_tim.o(.data)
    TIM6_Manage_Object                       0x2000003c   Data           8  drv_tim.o(.data)
    TIM7_Manage_Object                       0x20000044   Data           8  drv_tim.o(.data)
    TIM8_Manage_Object                       0x2000004c   Data           8  drv_tim.o(.data)
    TIM9_Manage_Object                       0x20000054   Data           8  drv_tim.o(.data)
    TIM10_Manage_Object                      0x2000005c   Data           8  drv_tim.o(.data)
    TIM11_Manage_Object                      0x20000064   Data           8  drv_tim.o(.data)
    TIM12_Manage_Object                      0x2000006c   Data           8  drv_tim.o(.data)
    TIM13_Manage_Object                      0x20000074   Data           8  drv_tim.o(.data)
    TIM14_Manage_Object                      0x2000007c   Data           8  drv_tim.o(.data)
    solitary_brave                           0x20000084   Data         120  ita_chariot.o(.data)
    wind_rise                                0x200000fc   Data        2616  ita_chariot.o(.data)
    prescaler                                0x20000b34   Data           2  ita_chariot.o(.data)
    pwm_duty_pulse                           0x20000b36   Data           2  ita_chariot.o(.data)
    Sing_Flag                                0x20000b38   Data           1  ita_chariot.o(.data)
    tets_fla                                 0x20000b39   Data           1  ita_chariot.o(.data)
    htim2                                    0x20000b50   Data          72  tim.o(.bss)
    htim3                                    0x20000b98   Data          72  tim.o(.bss)
    huart5                                   0x20000be0   Data          72  usart.o(.bss)
    huart1                                   0x20000c28   Data          72  usart.o(.bss)
    huart2                                   0x20000c70   Data          72  usart.o(.bss)
    huart3                                   0x20000cb8   Data          72  usart.o(.bss)
    huart4                                   0x20000d00   Data          72  usart.o(.bss)
    hdma_usart1_tx                           0x20000d48   Data          68  usart.o(.bss)
    hdma_usart2_rx                           0x20000d8c   Data          68  usart.o(.bss)
    hdma_usart3_rx                           0x20000dd0   Data          68  usart.o(.bss)
    UART1_Manage_Object                      0x20000e14   Data         272  drv_uart.o(.bss)
    UART2_Manage_Object                      0x20000f24   Data         272  drv_uart.o(.bss)
    UART3_Manage_Object                      0x20001034   Data         272  drv_uart.o(.bss)
    UART4_Manage_Object                      0x20001144   Data         272  drv_uart.o(.bss)
    UART5_Manage_Object                      0x20001254   Data         272  drv_uart.o(.bss)
    UART6_Manage_Object                      0x20001364   Data         272  drv_uart.o(.bss)
    UART7_Manage_Object                      0x20001474   Data         272  drv_uart.o(.bss)
    UART8_Manage_Object                      0x20001584   Data         272  drv_uart.o(.bss)
    buffer1                                  0x20001694   Data          19  drv_uart.o(.bss)
    Chariot                                  0x200016a8   Data         160  tsk_config_and_callback.o(.bss)
    FSM_Chariot                              0x20001748   Data          88  tsk_config_and_callback.o(.bss)
    temp_data                                0x200017a0   Data          13  ita_chariot.o(.bss)
    __libspace_start                         0x200017b0   Data          96  libspace.o(.bss)
    __temporary_stack_top$libspace           0x20001810   Data           0  libspace.o(.bss)



==============================================================================

Memory Map of the image

  Image Entry point : 0x08000151

  Load Region LR_IROM1 (Base: 0x08000000, Size: 0x0000548c, Max: 0x00040000, ABSOLUTE, COMPRESSED[0x00004ae8])

    Execution Region ER_IROM1 (Exec base: 0x08000000, Load base: 0x08000000, Size: 0x0000493c, Max: 0x00040000, ABSOLUTE)

    Exec Addr    Load Addr    Size         Type   Attr      Idx    E Section Name        Object

    0x08000000   0x08000000   0x00000150   Data   RO            3    RESET               startup_stm32f105xc.o
    0x08000150   0x08000150   0x00000008   Code   RO         4074  * !!!main             c_w.l(__main.o)
    0x08000158   0x08000158   0x00000034   Code   RO         4646    !!!scatter          c_w.l(__scatter.o)
    0x0800018c   0x0800018c   0x00000064   Code   RO         4644    !!dclz77c           c_w.l(__dclz77c.o)
    0x080001f0   0x080001f0   0x0000001c   Code   RO         4648    !!handler_zi        c_w.l(__scatter_zi.o)
    0x0800020c   0x0800020c   0x00000000   Code   RO         4061    .ARM.Collect$$_printf_percent$$00000000  c_w.l(_printf_percent.o)
    0x0800020c   0x0800020c   0x00000006   Code   RO         4060    .ARM.Collect$$_printf_percent$$00000014  c_w.l(_printf_s.o)
    0x08000212   0x08000212   0x00000004   Code   RO         4203    .ARM.Collect$$_printf_percent$$00000017  c_w.l(_printf_percent_end.o)
    0x08000216   0x08000216   0x00000002   Code   RO         4513    .ARM.Collect$$libinit$$00000000  c_w.l(libinit.o)
    0x08000218   0x08000218   0x00000000   Code   RO         4308    .ARM.Collect$$libinit$$00000002  c_w.l(libinit2.o)
    0x08000218   0x08000218   0x00000000   Code   RO         4310    .ARM.Collect$$libinit$$00000004  c_w.l(libinit2.o)
    0x08000218   0x08000218   0x00000008   Code   RO         4311    .ARM.Collect$$libinit$$00000005  c_w.l(libinit2.o)
    0x08000220   0x08000220   0x00000000   Code   RO         4313    .ARM.Collect$$libinit$$0000000A  c_w.l(libinit2.o)
    0x08000220   0x08000220   0x00000000   Code   RO         4315    .ARM.Collect$$libinit$$0000000C  c_w.l(libinit2.o)
    0x08000220   0x08000220   0x00000000   Code   RO         4317    .ARM.Collect$$libinit$$0000000E  c_w.l(libinit2.o)
    0x08000220   0x08000220   0x00000000   Code   RO         4320    .ARM.Collect$$libinit$$00000011  c_w.l(libinit2.o)
    0x08000220   0x08000220   0x00000000   Code   RO         4322    .ARM.Collect$$libinit$$00000013  c_w.l(libinit2.o)
    0x08000220   0x08000220   0x00000000   Code   RO         4324    .ARM.Collect$$libinit$$00000015  c_w.l(libinit2.o)
    0x08000220   0x08000220   0x00000000   Code   RO         4326    .ARM.Collect$$libinit$$00000017  c_w.l(libinit2.o)
    0x08000220   0x08000220   0x00000000   Code   RO         4328    .ARM.Collect$$libinit$$00000019  c_w.l(libinit2.o)
    0x08000220   0x08000220   0x00000000   Code   RO         4330    .ARM.Collect$$libinit$$0000001B  c_w.l(libinit2.o)
    0x08000220   0x08000220   0x00000000   Code   RO         4332    .ARM.Collect$$libinit$$0000001D  c_w.l(libinit2.o)
    0x08000220   0x08000220   0x00000000   Code   RO         4334    .ARM.Collect$$libinit$$0000001F  c_w.l(libinit2.o)
    0x08000220   0x08000220   0x00000000   Code   RO         4336    .ARM.Collect$$libinit$$00000021  c_w.l(libinit2.o)
    0x08000220   0x08000220   0x00000000   Code   RO         4338    .ARM.Collect$$libinit$$00000023  c_w.l(libinit2.o)
    0x08000220   0x08000220   0x00000000   Code   RO         4340    .ARM.Collect$$libinit$$00000025  c_w.l(libinit2.o)
    0x08000220   0x08000220   0x00000000   Code   RO         4344    .ARM.Collect$$libinit$$0000002C  c_w.l(libinit2.o)
    0x08000220   0x08000220   0x00000000   Code   RO         4346    .ARM.Collect$$libinit$$0000002E  c_w.l(libinit2.o)
    0x08000220   0x08000220   0x00000000   Code   RO         4348    .ARM.Collect$$libinit$$00000030  c_w.l(libinit2.o)
    0x08000220   0x08000220   0x00000000   Code   RO         4350    .ARM.Collect$$libinit$$00000032  c_w.l(libinit2.o)
    0x08000220   0x08000220   0x00000002   Code   RO         4351    .ARM.Collect$$libinit$$00000033  c_w.l(libinit2.o)
    0x08000222   0x08000222   0x00000002   Code   RO         4629    .ARM.Collect$$libshutdown$$00000000  c_w.l(libshutdown.o)
    0x08000224   0x08000224   0x00000000   Code   RO         4606    .ARM.Collect$$libshutdown$$00000002  c_w.l(libshutdown2.o)
    0x08000224   0x08000224   0x00000000   Code   RO         4608    .ARM.Collect$$libshutdown$$00000004  c_w.l(libshutdown2.o)
    0x08000224   0x08000224   0x00000000   Code   RO         4611    .ARM.Collect$$libshutdown$$00000007  c_w.l(libshutdown2.o)
    0x08000224   0x08000224   0x00000000   Code   RO         4614    .ARM.Collect$$libshutdown$$0000000A  c_w.l(libshutdown2.o)
    0x08000224   0x08000224   0x00000000   Code   RO         4616    .ARM.Collect$$libshutdown$$0000000C  c_w.l(libshutdown2.o)
    0x08000224   0x08000224   0x00000000   Code   RO         4619    .ARM.Collect$$libshutdown$$0000000F  c_w.l(libshutdown2.o)
    0x08000224   0x08000224   0x00000002   Code   RO         4620    .ARM.Collect$$libshutdown$$00000010  c_w.l(libshutdown2.o)
    0x08000226   0x08000226   0x00000000   Code   RO         4123    .ARM.Collect$$rtentry$$00000000  c_w.l(__rtentry.o)
    0x08000226   0x08000226   0x00000000   Code   RO         4257    .ARM.Collect$$rtentry$$00000002  c_w.l(__rtentry2.o)
    0x08000226   0x08000226   0x00000006   Code   RO         4269    .ARM.Collect$$rtentry$$00000004  c_w.l(__rtentry4.o)
    0x0800022c   0x0800022c   0x00000000   Code   RO         4259    .ARM.Collect$$rtentry$$00000009  c_w.l(__rtentry2.o)
    0x0800022c   0x0800022c   0x00000004   Code   RO         4260    .ARM.Collect$$rtentry$$0000000A  c_w.l(__rtentry2.o)
    0x08000230   0x08000230   0x00000000   Code   RO         4262    .ARM.Collect$$rtentry$$0000000C  c_w.l(__rtentry2.o)
    0x08000230   0x08000230   0x00000008   Code   RO         4263    .ARM.Collect$$rtentry$$0000000D  c_w.l(__rtentry2.o)
    0x08000238   0x08000238   0x00000002   Code   RO         4549    .ARM.Collect$$rtexit$$00000000  c_w.l(rtexit.o)
    0x0800023a   0x0800023a   0x00000000   Code   RO         4589    .ARM.Collect$$rtexit$$00000002  c_w.l(rtexit2.o)
    0x0800023a   0x0800023a   0x00000004   Code   RO         4590    .ARM.Collect$$rtexit$$00000003  c_w.l(rtexit2.o)
    0x0800023e   0x0800023e   0x00000006   Code   RO         4591    .ARM.Collect$$rtexit$$00000004  c_w.l(rtexit2.o)
    0x08000244   0x08000244   0x00000000   Code   RO         4485    .emb_text           c_w.l(maybetermalloc1.o)
    0x08000244   0x08000244   0x00000040   Code   RO            4    .text               startup_stm32f105xc.o
    0x08000284   0x08000284   0x000000ee   Code   RO         4028    .text               c_w.l(lludivv7m.o)
    0x08000372   0x08000372   0x00000002   PAD
    0x08000374   0x08000374   0x00000028   Code   RO         4034    .text               c_w.l(noretval__2sprintf.o)
    0x0800039c   0x0800039c   0x00000068   Code   RO         4036    .text               c_w.l(__printf.o)
    0x08000404   0x08000404   0x00000052   Code   RO         4038    .text               c_w.l(_printf_str.o)
    0x08000456   0x08000456   0x0000003e   Code   RO         4062    .text               c_w.l(strlen.o)
    0x08000494   0x08000494   0x0000008a   Code   RO         4064    .text               c_w.l(rt_memcpy_v6.o)
    0x0800051e   0x0800051e   0x00000064   Code   RO         4066    .text               c_w.l(rt_memcpy_w.o)
    0x08000582   0x08000582   0x00000044   Code   RO         4068    .text               c_w.l(rt_memclr.o)
    0x080005c6   0x080005c6   0x0000004e   Code   RO         4070    .text               c_w.l(rt_memclr_w.o)
    0x08000614   0x08000614   0x00000006   Code   RO         4072    .text               c_w.l(heapauxi.o)
    0x0800061a   0x0800061a   0x00000002   PAD
    0x0800061c   0x0800061c   0x00000008   Code   RO         4131    .text               c_w.l(rt_new_handler_addr_intlibspace.o)
    0x08000624   0x08000624   0x0000005e   Code   RO         4137    .text               c_w.l(h1_alloc.o)
    0x08000682   0x08000682   0x0000004e   Code   RO         4139    .text               c_w.l(h1_free.o)
    0x080006d0   0x080006d0   0x00000030   Code   RO         4197    .text               c_w.l(_printf_char_common.o)
    0x08000700   0x08000700   0x0000000a   Code   RO         4199    .text               c_w.l(_sputc.o)
    0x0800070a   0x0800070a   0x0000002c   Code   RO         4201    .text               c_w.l(_printf_char.o)
    0x08000736   0x08000736   0x00000004   Code   RO         4207    .text               cpprt_w.l(arm_newhandler_noexceptions.o)
    0x0800073a   0x0800073a   0x00000002   PAD
    0x0800073c   0x0800073c   0x00000008   Code   RO         4251    .text               c_w.l(libspace.o)
    0x08000744   0x08000744   0x00000008   Code   RO         4276    .text               c_w.l(rt_heap_descriptor_intlibspace.o)
    0x0800074c   0x0800074c   0x00000004   Code   RO         4283    .text               c_w.l(hguard.o)
    0x08000750   0x08000750   0x0000008a   Code   RO         4285    .text               c_w.l(init_alloc.o)
    0x080007da   0x080007da   0x0000000e   Code   RO         4289    .text               c_w.l(h1_init.o)
    0x080007e8   0x080007e8   0x0000001a   Code   RO         4471    .text               cpprt_w.l(arm_exceptions_terminate.o)
    0x08000802   0x08000802   0x0000004a   Code   RO         4481    .text               c_w.l(sys_stackheap_outer.o)
    0x0800084c   0x0800084c   0x00000034   Code   RO         4487    .text               c_w.l(h1_extend.o)
    0x08000880   0x08000880   0x00000012   Code   RO         4491    .text               c_w.l(exit.o)
    0x08000892   0x08000892   0x00000016   Code   RO         4493    .text               c_w.l(abort.o)
    0x080008a8   0x080008a8   0x0000000e   Code   RO         4499    .text               c_w.l(defsig_rtmem_outer.o)
    0x080008b6   0x080008b6   0x00000002   PAD
    0x080008b8   0x080008b8   0x00000050   Code   RO         4530    .text               cpprt_w.l(arm_exceptions_globs.o)
    0x08000908   0x08000908   0x0000000c   Code   RO         4544    .text               c_w.l(sys_exit.o)
    0x08000914   0x08000914   0x00000002   Code   RO         4546    .text               c_w.l(use_no_semi.o)
    0x08000916   0x08000916   0x00000000   Code   RO         4548    .text               c_w.l(indicate_semi.o)
    0x08000916   0x08000916   0x00000002   PAD
    0x08000918   0x08000918   0x00000008   Code   RO         4556    .text               c_w.l(rt_eh_globals_addr_intlibspace.o)
    0x08000920   0x08000920   0x0000000a   Code   RO         4562    .text               c_w.l(defsig_exit.o)
    0x0800092a   0x0800092a   0x0000000e   Code   RO         4564    .text               c_w.l(defsig_abrt_outer.o)
    0x08000938   0x08000938   0x00000050   Code   RO         4570    .text               c_w.l(defsig_rtmem_inner.o)
    0x08000988   0x08000988   0x0000003c   Code   RO         4579    .text               cpprt_w.l(arm_exceptions_mem.o)
    0x080009c4   0x080009c4   0x00000032   Code   RO         4601    .text               c_w.l(defsig_general.o)
    0x080009f6   0x080009f6   0x00000002   PAD
    0x080009f8   0x080009f8   0x00000030   Code   RO         4603    .text               c_w.l(defsig_abrt_inner.o)
    0x08000a28   0x08000a28   0x0000000e   Code   RO         4623    .text               c_w.l(sys_wrch.o)
    0x08000a36   0x08000a36   0x00000004   Code   RO          381    i.BusFault_Handler  stm32f1xx_it.o
    0x08000a3a   0x08000a3a   0x00000002   PAD
    0x08000a3c   0x08000a3c   0x00000010   Code   RO          382    i.DMA1_Channel3_IRQHandler  stm32f1xx_it.o
    0x08000a4c   0x08000a4c   0x00000010   Code   RO          383    i.DMA1_Channel4_IRQHandler  stm32f1xx_it.o
    0x08000a5c   0x08000a5c   0x00000010   Code   RO          384    i.DMA1_Channel6_IRQHandler  stm32f1xx_it.o
    0x08000a6c   0x08000a6c   0x00000002   Code   RO          385    i.DebugMon_Handler  stm32f1xx_it.o
    0x08000a6e   0x08000a6e   0x0000000c   Code   RO          386    i.EXTI15_10_IRQHandler  stm32f1xx_it.o
    0x08000a7a   0x08000a7a   0x00000006   Code   RO           13    i.Error_Handler     main.o
    0x08000a80   0x08000a80   0x00000056   Code   RO         2209    i.HAL_DMA_Abort     stm32f1xx_hal_dma.o
    0x08000ad6   0x08000ad6   0x00000002   PAD
    0x08000ad8   0x08000ad8   0x000001a8   Code   RO         2210    i.HAL_DMA_Abort_IT  stm32f1xx_hal_dma.o
    0x08000c80   0x08000c80   0x00000398   Code   RO         2214    i.HAL_DMA_IRQHandler  stm32f1xx_hal_dma.o
    0x08001018   0x08001018   0x0000008c   Code   RO         2215    i.HAL_DMA_Init      stm32f1xx_hal_dma.o
    0x080010a4   0x080010a4   0x0000009c   Code   RO         2218    i.HAL_DMA_Start_IT  stm32f1xx_hal_dma.o
    0x08001140   0x08001140   0x00000028   Code   RO         1752    i.HAL_Delay         stm32f1xx_hal.o
    0x08001168   0x08001168   0x00000040   Code   RO         3827    i.HAL_GPIO_EXTI_Callback  tsk_config_and_callback.o
    0x080011a8   0x080011a8   0x0000001c   Code   RO         2137    i.HAL_GPIO_EXTI_IRQHandler  stm32f1xx_hal_gpio.o
    0x080011c4   0x080011c4   0x0000031c   Code   RO         2138    i.HAL_GPIO_Init     stm32f1xx_hal_gpio.o
    0x080014e0   0x080014e0   0x00000010   Code   RO         2140    i.HAL_GPIO_ReadPin  stm32f1xx_hal_gpio.o
    0x080014f0   0x080014f0   0x0000000c   Code   RO         2142    i.HAL_GPIO_WritePin  stm32f1xx_hal_gpio.o
    0x080014fc   0x080014fc   0x0000000c   Code   RO         1756    i.HAL_GetTick       stm32f1xx_hal.o
    0x08001508   0x08001508   0x00000044   Code   RO         2920    i.HAL_HalfDuplex_EnableTransmitter  stm32f1xx_hal_uart.o
    0x0800154c   0x0800154c   0x00000018   Code   RO         1762    i.HAL_IncTick       stm32f1xx_hal.o
    0x08001564   0x08001564   0x00000028   Code   RO         1763    i.HAL_Init          stm32f1xx_hal.o
    0x0800158c   0x0800158c   0x0000004c   Code   RO         1764    i.HAL_InitTick      stm32f1xx_hal.o
    0x080015d8   0x080015d8   0x00000050   Code   RO          536    i.HAL_MspInit       stm32f1xx_hal_msp.o
    0x08001628   0x08001628   0x00000020   Code   RO         2319    i.HAL_NVIC_EnableIRQ  stm32f1xx_hal_cortex.o
    0x08001648   0x08001648   0x0000007c   Code   RO         2325    i.HAL_NVIC_SetPriority  stm32f1xx_hal_cortex.o
    0x080016c4   0x080016c4   0x00000028   Code   RO         2326    i.HAL_NVIC_SetPriorityGrouping  stm32f1xx_hal_cortex.o
    0x080016ec   0x080016ec   0x0000018c   Code   RO         1945    i.HAL_RCC_ClockConfig  stm32f1xx_hal_rcc.o
    0x08001878   0x08001878   0x0000000c   Code   RO         1950    i.HAL_RCC_GetHCLKFreq  stm32f1xx_hal_rcc.o
    0x08001884   0x08001884   0x00000020   Code   RO         1952    i.HAL_RCC_GetPCLK1Freq  stm32f1xx_hal_rcc.o
    0x080018a4   0x080018a4   0x00000020   Code   RO         1953    i.HAL_RCC_GetPCLK2Freq  stm32f1xx_hal_rcc.o
    0x080018c4   0x080018c4   0x000000e8   Code   RO         1954    i.HAL_RCC_GetSysClockFreq  stm32f1xx_hal_rcc.o
    0x080019ac   0x080019ac   0x00000568   Code   RO         1957    i.HAL_RCC_OscConfig  stm32f1xx_hal_rcc.o
    0x08001f14   0x08001f14   0x00000034   Code   RO         2330    i.HAL_SYSTICK_Config  stm32f1xx_hal_cortex.o
    0x08001f48   0x08001f48   0x00000002   Code   RO         1436    i.HAL_TIMEx_BreakCallback  stm32f1xx_hal_tim_ex.o
    0x08001f4a   0x08001f4a   0x00000002   Code   RO         1437    i.HAL_TIMEx_CommutCallback  stm32f1xx_hal_tim_ex.o
    0x08001f4c   0x08001f4c   0x00000090   Code   RO         1455    i.HAL_TIMEx_MasterConfigSynchronization  stm32f1xx_hal_tim_ex.o
    0x08001fdc   0x08001fdc   0x00000066   Code   RO          602    i.HAL_TIM_Base_Init  stm32f1xx_hal_tim.o
    0x08002042   0x08002042   0x00000002   PAD
    0x08002044   0x08002044   0x00000064   Code   RO          250    i.HAL_TIM_Base_MspInit  tim.o
    0x080020a8   0x080020a8   0x00000084   Code   RO          607    i.HAL_TIM_Base_Start_IT  stm32f1xx_hal_tim.o
    0x0800212c   0x0800212c   0x0000010c   Code   RO          611    i.HAL_TIM_ConfigClockSource  stm32f1xx_hal_tim.o
    0x08002238   0x08002238   0x00000002   Code   RO          636    i.HAL_TIM_IC_CaptureCallback  stm32f1xx_hal_tim.o
    0x0800223a   0x0800223a   0x00000196   Code   RO          650    i.HAL_TIM_IRQHandler  stm32f1xx_hal_tim.o
    0x080023d0   0x080023d0   0x00000070   Code   RO          251    i.HAL_TIM_MspPostInit  tim.o
    0x08002440   0x08002440   0x00000002   Code   RO          653    i.HAL_TIM_OC_DelayElapsedCallback  stm32f1xx_hal_tim.o
    0x08002442   0x08002442   0x00000104   Code   RO          674    i.HAL_TIM_PWM_ConfigChannel  stm32f1xx_hal_tim.o
    0x08002546   0x08002546   0x00000066   Code   RO          677    i.HAL_TIM_PWM_Init  stm32f1xx_hal_tim.o
    0x080025ac   0x080025ac   0x00000002   Code   RO          679    i.HAL_TIM_PWM_MspInit  stm32f1xx_hal_tim.o
    0x080025ae   0x080025ae   0x00000002   Code   RO          680    i.HAL_TIM_PWM_PulseFinishedCallback  stm32f1xx_hal_tim.o
    0x080025b0   0x080025b0   0x000000e0   Code   RO          682    i.HAL_TIM_PWM_Start  stm32f1xx_hal_tim.o
    0x08002690   0x08002690   0x000000a8   Code   RO         3742    i.HAL_TIM_PeriodElapsedCallback  drv_tim.o
    0x08002738   0x08002738   0x00000002   Code   RO          693    i.HAL_TIM_TriggerCallback  stm32f1xx_hal_tim.o
    0x0800273a   0x0800273a   0x00000070   Code   RO         2929    i.HAL_UARTEx_ReceiveToIdle_DMA  stm32f1xx_hal_uart.o
    0x080027aa   0x080027aa   0x00000002   PAD
    0x080027ac   0x080027ac   0x00000100   Code   RO         3781    i.HAL_UARTEx_RxEventCallback  drv_uart.o
    0x080028ac   0x080028ac   0x00000002   Code   RO         2945    i.HAL_UART_ErrorCallback  stm32f1xx_hal_uart.o
    0x080028ae   0x080028ae   0x00000002   PAD
    0x080028b0   0x080028b0   0x000002e4   Code   RO         2948    i.HAL_UART_IRQHandler  stm32f1xx_hal_uart.o
    0x08002b94   0x08002b94   0x00000076   Code   RO         2949    i.HAL_UART_Init     stm32f1xx_hal_uart.o
    0x08002c0a   0x08002c0a   0x00000002   PAD
    0x08002c0c   0x08002c0c   0x0000035c   Code   RO          309    i.HAL_UART_MspInit  usart.o
    0x08002f68   0x08002f68   0x00000002   Code   RO         2955    i.HAL_UART_RxCpltCallback  stm32f1xx_hal_uart.o
    0x08002f6a   0x08002f6a   0x00000002   Code   RO         2956    i.HAL_UART_RxHalfCpltCallback  stm32f1xx_hal_uart.o
    0x08002f6c   0x08002f6c   0x000000b2   Code   RO         2957    i.HAL_UART_Transmit  stm32f1xx_hal_uart.o
    0x0800301e   0x0800301e   0x00000002   Code   RO         2960    i.HAL_UART_TxCpltCallback  stm32f1xx_hal_uart.o
    0x08003020   0x08003020   0x00000004   Code   RO          387    i.HardFault_Handler  stm32f1xx_it.o
    0x08003024   0x08003024   0x00000054   Code   RO          224    i.MX_DMA_Init       dma.o
    0x08003078   0x08003078   0x000000dc   Code   RO          199    i.MX_GPIO_Init      gpio.o
    0x08003154   0x08003154   0x0000006c   Code   RO          252    i.MX_TIM2_Init      tim.o
    0x080031c0   0x080031c0   0x000000a8   Code   RO          253    i.MX_TIM3_Init      tim.o
    0x08003268   0x08003268   0x00000038   Code   RO          310    i.MX_UART4_Init     usart.o
    0x080032a0   0x080032a0   0x00000038   Code   RO          311    i.MX_UART5_Init     usart.o
    0x080032d8   0x080032d8   0x00000038   Code   RO          312    i.MX_USART1_UART_Init  usart.o
    0x08003310   0x08003310   0x00000038   Code   RO          313    i.MX_USART2_UART_Init  usart.o
    0x08003348   0x08003348   0x00000038   Code   RO          314    i.MX_USART3_UART_Init  usart.o
    0x08003380   0x08003380   0x00000004   Code   RO          388    i.MemManage_Handler  stm32f1xx_it.o
    0x08003384   0x08003384   0x00000004   Code   RO          389    i.NMI_Handler       stm32f1xx_it.o
    0x08003388   0x08003388   0x00000002   Code   RO          390    i.PendSV_Handler    stm32f1xx_it.o
    0x0800338a   0x0800338a   0x00000002   Code   RO          391    i.SVC_Handler       stm32f1xx_it.o
    0x0800338c   0x0800338c   0x00000008   Code   RO          392    i.SysTick_Handler   stm32f1xx_it.o
    0x08003394   0x08003394   0x00000002   Code   RO         3355    i.SystemInit        system_stm32f1xx.o
    0x08003396   0x08003396   0x00000002   PAD
    0x08003398   0x08003398   0x00000010   Code   RO          393    i.TIM2_IRQHandler   stm32f1xx_it.o
    0x080033a8   0x080033a8   0x00000084   Code   RO          695    i.TIM_Base_SetConfig  stm32f1xx_hal_tim.o
    0x0800342c   0x0800342c   0x00000022   Code   RO          696    i.TIM_CCxChannelCmd  stm32f1xx_hal_tim.o
    0x0800344e   0x0800344e   0x00000016   Code   RO          701    i.TIM_ETR_SetConfig  stm32f1xx_hal_tim.o
    0x08003464   0x08003464   0x00000068   Code   RO          702    i.TIM_OC2_SetConfig  stm32f1xx_hal_tim.o
    0x080034cc   0x080034cc   0x00000010   Code   RO          394    i.UART4_IRQHandler  stm32f1xx_it.o
    0x080034dc   0x080034dc   0x00000010   Code   RO          395    i.UART5_IRQHandler  stm32f1xx_it.o
    0x080034ec   0x080034ec   0x000000c4   Code   RO         2962    i.UART_Start_Receive_DMA  stm32f1xx_hal_uart.o
    0x080035b0   0x080035b0   0x00000010   Code   RO          396    i.USART1_IRQHandler  stm32f1xx_it.o
    0x080035c0   0x080035c0   0x00000010   Code   RO          397    i.USART2_IRQHandler  stm32f1xx_it.o
    0x080035d0   0x080035d0   0x00000010   Code   RO          398    i.USART3_IRQHandler  stm32f1xx_it.o
    0x080035e0   0x080035e0   0x00000004   Code   RO          399    i.UsageFault_Handler  stm32f1xx_it.o
    0x080035e4   0x080035e4   0x000000b0   Code   RO         3920    i._Z10Sing_SongsPtt  ita_chariot.o
    0x08003694   0x08003694   0x0000002c   Code   RO         2220    i._Z13DMA_SetConfigP19__DMA_HandleTypeDefjjj  stm32f1xx_hal_dma.o
    0x080036c0   0x080036c0   0x00000050   Code   RO         2964    i._Z13UART_DMAErrorP19__DMA_HandleTypeDef  stm32f1xx_hal_uart.o
    0x08003710   0x08003710   0x00000016   Code   RO         3782    i._Z14UART_Send_DataP20__UART_HandleTypeDefPht  drv_uart.o
    0x08003726   0x08003726   0x00000002   PAD
    0x08003728   0x08003728   0x000000fc   Code   RO         2965    i._Z14UART_SetConfigP20__UART_HandleTypeDef  stm32f1xx_hal_uart.o
    0x08003824   0x08003824   0x000000fa   Code   RO         2966    i._Z15UART_Receive_ITP20__UART_HandleTypeDef  stm32f1xx_hal_uart.o
    0x0800391e   0x0800391e   0x00000062   Code   RO         3488    i._Z16ASCII_TO_UnicodePcS_  dvc_sim900a.o
    0x08003980   0x08003980   0x00000060   Code   RO         2967    i._Z16UART_Transmit_ITP20__UART_HandleTypeDef  stm32f1xx_hal_uart.o
    0x080039e0   0x080039e0   0x00000060   Code   RO          704    i._Z17TIM_OC1_SetConfigP11TIM_TypeDefPK18TIM_OC_InitTypeDef  stm32f1xx_hal_tim.o
    0x08003a40   0x08003a40   0x00000068   Code   RO          705    i._Z17TIM_OC3_SetConfigP11TIM_TypeDefPK18TIM_OC_InitTypeDef  stm32f1xx_hal_tim.o
    0x08003aa8   0x08003aa8   0x00000048   Code   RO          706    i._Z17TIM_OC4_SetConfigP11TIM_TypeDefPK18TIM_OC_InitTypeDef  stm32f1xx_hal_tim.o
    0x08003af0   0x08003af0   0x00000078   Code   RO           14    i._Z18SystemClock_Configv  main.o
    0x08003b68   0x08003b68   0x00000012   Code   RO          711    i._Z18TIM_ITRx_SetConfigP11TIM_TypeDefj  stm32f1xx_hal_tim.o
    0x08003b7a   0x08003b7a   0x00000024   Code   RO         2968    i._Z18UART_DMARxHalfCpltP19__DMA_HandleTypeDef  stm32f1xx_hal_uart.o
    0x08003b9e   0x08003b9e   0x0000006c   Code   RO         2970    i._Z18UART_EndRxTransferP20__UART_HandleTypeDef  stm32f1xx_hal_uart.o
    0x08003c0a   0x08003c0a   0x00000026   Code   RO         2971    i._Z18UART_EndTxTransferP20__UART_HandleTypeDef  stm32f1xx_hal_uart.o
    0x08003c30   0x08003c30   0x00000028   Code   RO         2332    i._Z18__NVIC_SetPriority9IRQn_Typej  stm32f1xx_hal_cortex.o
    0x08003c58   0x08003c58   0x00000018   Code   RO         3829    i._Z19ER08_UART3_CallbackPht  tsk_config_and_callback.o
    0x08003c70   0x08003c70   0x000000b4   Code   RO         2972    i._Z19UART_DMAReceiveCpltP19__DMA_HandleTypeDef  stm32f1xx_hal_uart.o
    0x08003d24   0x08003d24   0x00000020   Code   RO         2973    i._Z19UART_EndTransmit_ITP20__UART_HandleTypeDef  stm32f1xx_hal_uart.o
    0x08003d44   0x08003d44   0x00000014   Code   RO         2974    i._Z20UART_DMAAbortOnErrorP19__DMA_HandleTypeDef  stm32f1xx_hal_uart.o
    0x08003d58   0x08003d58   0x0000001c   Code   RO         3830    i._Z21Tjc011_UART2_CallbackPht  tsk_config_and_callback.o
    0x08003d74   0x08003d74   0x00000026   Code   RO          716    i._Z24TIM_TI1_ConfigInputStageP11TIM_TypeDefjj  stm32f1xx_hal_tim.o
    0x08003d9a   0x08003d9a   0x00000028   Code   RO          717    i._Z24TIM_TI2_ConfigInputStageP11TIM_TypeDefjj  stm32f1xx_hal_tim.o
    0x08003dc2   0x08003dc2   0x00000002   PAD
    0x08003dc4   0x08003dc4   0x00000010   Code   RO         2333    i._Z26__NVIC_GetPriorityGroupingv  stm32f1xx_hal_cortex.o
    0x08003dd4   0x08003dd4   0x00000092   Code   RO         2980    i._Z27UART_WaitOnFlagUntilTimeoutP20__UART_HandleTypeDefj10FlagStatusjj  stm32f1xx_hal_uart.o
    0x08003e66   0x08003e66   0x00000002   PAD
    0x08003e68   0x08003e68   0x00000010   Code   RO         3832    i._Z34TIM2_Task1ms_PeriodElapsedCallbackv  tsk_config_and_callback.o
    0x08003e78   0x08003e78   0x000000a4   Code   RO         3743    i._Z8TIM_InitP17TIM_HandleTypeDefPFvvE  drv_tim.o
    0x08003f1c   0x08003f1c   0x00000028   Code   RO         1958    i._Z9RCC_Delayj     stm32f1xx_hal_rcc.o
    0x08003f44   0x08003f44   0x00000078   Code   RO         3833    i._Z9Task_Initv     tsk_config_and_callback.o
    0x08003fbc   0x08003fbc   0x000000e4   Code   RO         3783    i._Z9UART_InitP20__UART_HandleTypeDefPFvPhtEt  drv_uart.o
    0x080040a0   0x080040a0   0x00000088   Code   RO         3438    i._ZN10Class_ER0812Data_ProcessEv  dvc_er08.o
    0x08004128   0x08004128   0x0000000e   Code   RO         3439    i._ZN10Class_ER0819UART_RxCpltCallbackEPh  dvc_er08.o
    0x08004136   0x08004136   0x00000002   PAD
    0x08004138   0x08004138   0x00000074   Code   RO         3440    i._ZN10Class_ER084InitEP20__UART_HandleTypeDef  dvc_er08.o
    0x080041ac   0x080041ac   0x00000050   Code   RO         3558    i._ZN12Class_Tjc01112Data_ProcessEv  dvc_tjc011.o
    0x080041fc   0x080041fc   0x0000000e   Code   RO         3559    i._ZN12Class_Tjc01119UART_RxCpltCallbackEPh  dvc_tjc011.o
    0x0800420a   0x0800420a   0x00000002   PAD
    0x0800420c   0x0800420c   0x00000074   Code   RO         3560    i._ZN12Class_Tjc0114InitEP20__UART_HandleTypeDef  dvc_tjc011.o
    0x08004280   0x08004280   0x0000002a   Code   RO         3921    i._ZN13Class_Chariot12Jundge_CargoEv  ita_chariot.o
    0x080042aa   0x080042aa   0x00000028   Code   RO         3922    i._ZN13Class_Chariot12Output_CargoEv  ita_chariot.o
    0x080042d2   0x080042d2   0x000000b2   Code   RO         3923    i._ZN13Class_Chariot14Get_Cargo_DataEv  ita_chariot.o
    0x08004384   0x08004384   0x0000005c   Code   RO         3924    i._ZN13Class_Chariot19UART_Send_Add_CargoEv  ita_chariot.o
    0x080043e0   0x080043e0   0x0000005c   Code   RO         3925    i._ZN13Class_Chariot22UART_Send_Delete_CargoEv  ita_chariot.o
    0x0800443c   0x0800443c   0x00000044   Code   RO         3928    i._ZN13Class_Chariot4InitEv  ita_chariot.o
    0x08004480   0x08004480   0x00000020   Code   RO         3489    i._ZN13Class_SIM900A16Sim900a_Send_CmdEPh  dvc_sim900a.o
    0x080044a0   0x080044a0   0x0000014c   Code   RO         3490    i._ZN13Class_SIM900A17Sim900a_Send_DataEPcS0_  dvc_sim900a.o
    0x080045ec   0x080045ec   0x0000003a   Code   RO         3393    i._ZN16Class_Cargo_List11Exist_CargoEPh  dvc_cargo.o
    0x08004626   0x08004626   0x00000088   Code   RO         3394    i._ZN16Class_Cargo_List12Delete_CargoEPh  dvc_cargo.o
    0x080046ae   0x080046ae   0x00000006   Code   RO         3395    i._ZN16Class_Cargo_List4InitEv  dvc_cargo.o
    0x080046b4   0x080046b4   0x00000062   Code   RO         3396    i._ZN16Class_Cargo_List9Add_CargoE15Enum_Cargo_Type16Enum_Cargo_FloorhhPhS2_  dvc_cargo.o
    0x08004716   0x08004716   0x00000002   PAD
    0x08004718   0x08004718   0x00000128   Code   RO         3929    i._ZN25Class_FSM_Chariot_Control39Reload_TIM_Status_PeriodElapsedCallbackEv  ita_chariot.o
    0x08004840   0x08004840   0x0000002e   Code   RO         3601    i._ZN9Class_FSM4InitEhh  alg_fsm.o
    0x0800486e   0x0800486e   0x00000008   Code   RO         4076    i._ZdlPv            cpprt_w.l(delete.o)
    0x08004876   0x08004876   0x00000002   PAD
    0x08004878   0x08004878   0x00000028   Code   RO         4079    i._Znwj             cpprt_w.l(new.o)
    0x080048a0   0x080048a0   0x00000010   Code   RO         4083    i.__cxa_guard_acquire  cpprt_w.l(cxa_guard_acquire.o)
    0x080048b0   0x080048b0   0x00000034   Code   RO           15    i.main              main.o
    0x080048e4   0x080048e4   0x0000001e   Data   RO         1974    .constdata          stm32f1xx_hal_rcc.o
    0x08004902   0x08004902   0x00000018   Data   RO         3358    .constdata          system_stm32f1xx.o
    0x0800491a   0x0800491a   0x00000002   PAD
    0x0800491c   0x0800491c   0x00000020   Data   RO         4642    Region$$Table       anon$$obj.o


    Execution Region RW_IRAM1 (Exec base: 0x20000000, Load base: 0x0800493c, Size: 0x00003610, Max: 0x00010000, ABSOLUTE, COMPRESSED[0x000001ac])

    Exec Addr    Load Addr    Size         Type   Attr      Idx    E Section Name        Object

    0x20000000   COMPRESSED   0x00000009   Data   RW         1795    .data               stm32f1xx_hal.o
    0x20000009   COMPRESSED   0x00000003   PAD
    0x2000000c   COMPRESSED   0x00000004   Data   RW         3359    .data               system_stm32f1xx.o
    0x20000010   COMPRESSED   0x00000001   Data   RW         3444    .data               dvc_er08.o
    0x20000011   COMPRESSED   0x00000001   PAD
    0x20000012   COMPRESSED   0x00000002   Data   RW         3564    .data               dvc_tjc011.o
    0x20000014   COMPRESSED   0x00000070   Data   RW         3746    .data               drv_tim.o
    0x20000084   COMPRESSED   0x00000acc   Data   RW         3941    .data               ita_chariot.o
    0x20000b50        -       0x00000090   Zero   RW          259    .bss                tim.o
    0x20000be0        -       0x00000234   Zero   RW          322    .bss                usart.o
    0x20000e14        -       0x00000893   Zero   RW         3787    .bss                drv_uart.o
    0x200016a7   COMPRESSED   0x00000001   PAD
    0x200016a8        -       0x000000f8   Zero   RW         3843    .bss                tsk_config_and_callback.o
    0x200017a0        -       0x0000000d   Zero   RW         3940    .bss                ita_chariot.o
    0x200017ad   COMPRESSED   0x00000003   PAD
    0x200017b0        -       0x00000060   Zero   RW         4252    .bss                c_w.l(libspace.o)
    0x20001810        -       0x00000f00   Zero   RW            2    HEAP                startup_stm32f105xc.o
    0x20002710        -       0x00000f00   Zero   RW            1    STACK               startup_stm32f105xc.o


==============================================================================

Image component sizes


      Code (inc. data)   RO Data    RW Data    ZI Data      Debug   Object Name

        46          0          0          0          0       1560   alg_fsm.o
        84          6          0          0          0        786   dma.o
       332        104          0        112          0       3208   drv_tim.o
       506         80          0          0       2195       4001   drv_uart.o
       298          0          0          0          0       3808   dvc_cargo.o
       266         46          0          1          0       4983   dvc_er08.o
       462        124          0          0          0       3203   dvc_sim900a.o
       210         46          0          2          0       2964   dvc_tjc011.o
       220         12          0          0          0       1007   gpio.o
       984         78          0       2764         13      12486   ita_chariot.o
       178          4          0          0          0     606316   main.o
        64         26        336          0       7680        812   startup_stm32f105xc.o
       192         36          0          9          0       7009   stm32f1xx_hal.o
       304         22          0          0          0      29439   stm32f1xx_hal_cortex.o
      1770         28          0          0          0       5330   stm32f1xx_hal_dma.o
       852         36          0          0          0       3950   stm32f1xx_hal_gpio.o
        80          8          0          0          0        922   stm32f1xx_hal_msp.o
      2128         98         30          0          0       6284   stm32f1xx_hal_rcc.o
      2164         72          0          0          0      15740   stm32f1xx_hal_tim.o
       148         18          0          0          0       2465   stm32f1xx_hal_tim_ex.o
      2658         22          0          0          0      16356   stm32f1xx_hal_uart.o
       190         54          0          0          0       8626   stm32f1xx_it.o
         2          0         24          4          0       1147   system_stm32f1xx.o
       488         38          0          0        144       3109   tim.o
       252         66          0          0        248       8138   tsk_config_and_callback.o
      1140        110          0          0        564       4615   usart.o

    ----------------------------------------------------------------------
     16044       1134        424       2896      10848     758264   Object Totals
         0          0         32          0          0          0   (incl. Generated)
        26          0          2          4          4          0   (incl. Padding)

    ----------------------------------------------------------------------

      Code (inc. data)   RO Data    RW Data    ZI Data      Debug   Library Member Name

       100          0          0          0          0          0   __dclz77c.o
         8          0          0          0          0         68   __main.o
       104          0          0          0          0         84   __printf.o
         0          0          0          0          0          0   __rtentry.o
        12          0          0          0          0          0   __rtentry2.o
         6          0          0          0          0          0   __rtentry4.o
        52          8          0          0          0          0   __scatter.o
        28          0          0          0          0          0   __scatter_zi.o
        44          0          0          0          0        108   _printf_char.o
        48          6          0          0          0         96   _printf_char_common.o
         0          0          0          0          0          0   _printf_percent.o
         4          0          0          0          0          0   _printf_percent_end.o
         6          0          0          0          0          0   _printf_s.o
        82          0          0          0          0         80   _printf_str.o
        10          0          0          0          0         68   _sputc.o
        22          0          0          0          0         80   abort.o
        48         34          0          0          0         76   defsig_abrt_inner.o
        14          0          0          0          0         80   defsig_abrt_outer.o
        10          0          0          0          0         68   defsig_exit.o
        50          0          0          0          0         88   defsig_general.o
        80         58          0          0          0         76   defsig_rtmem_inner.o
        14          0          0          0          0         80   defsig_rtmem_outer.o
        18          0          0          0          0         80   exit.o
        94          0          0          0          0         80   h1_alloc.o
        52          0          0          0          0         68   h1_extend.o
        78          0          0          0          0         80   h1_free.o
        14          0          0          0          0         84   h1_init.o
         6          0          0          0          0        152   heapauxi.o
         4          0          0          0          0        136   hguard.o
         0          0          0          0          0          0   indicate_semi.o
       138          0          0          0          0        168   init_alloc.o
         2          0          0          0          0          0   libinit.o
        10          0          0          0          0          0   libinit2.o
         2          0          0          0          0          0   libshutdown.o
         2          0          0          0          0          0   libshutdown2.o
         8          4          0          0         96         68   libspace.o
       238          0          0          0          0        100   lludivv7m.o
         0          0          0          0          0          0   maybetermalloc1.o
        40          6          0          0          0         84   noretval__2sprintf.o
         8          4          0          0          0         68   rt_eh_globals_addr_intlibspace.o
         8          4          0          0          0         68   rt_heap_descriptor_intlibspace.o
        68          0          0          0          0         68   rt_memclr.o
        78          0          0          0          0         80   rt_memclr_w.o
       138          0          0          0          0         68   rt_memcpy_v6.o
       100          0          0          0          0         80   rt_memcpy_w.o
         8          4          0          0          0         68   rt_new_handler_addr_intlibspace.o
         2          0          0          0          0          0   rtexit.o
        10          0          0          0          0          0   rtexit2.o
        62          0          0          0          0         76   strlen.o
        12          4          0          0          0         68   sys_exit.o
        74          0          0          0          0         80   sys_stackheap_outer.o
        14          0          0          0          0         76   sys_wrch.o
         2          0          0          0          0         68   use_no_semi.o
        80         12          0          0          0        104   arm_exceptions_globs.o
        60          0          0          0          0        108   arm_exceptions_mem.o
        26          0          0          0          0         76   arm_exceptions_terminate.o
         4          0          0          0          0         68   arm_newhandler_noexceptions.o
        16          0          0          0          0         68   cxa_guard_acquire.o
         8          0          0          0          0         76   delete.o
        40          6          0          0          0         76   new.o

    ----------------------------------------------------------------------
      2280        150          0          0         96       3596   Library Totals
        14          0          0          0          0          0   (incl. Padding)

    ----------------------------------------------------------------------

      Code (inc. data)   RO Data    RW Data    ZI Data      Debug   Library Name

      2032        132          0          0         96       3020   c_w.l
       234         18          0          0          0        576   cpprt_w.l

    ----------------------------------------------------------------------
      2280        150          0          0         96       3596   Library Totals

    ----------------------------------------------------------------------

==============================================================================


      Code (inc. data)   RO Data    RW Data    ZI Data      Debug   

     18324       1284        424       2896      10944     752704   Grand Totals
     18324       1284        424        428      10944     752704   ELF Image Totals (compressed)
     18324       1284        424        428          0          0   ROM Totals

==============================================================================

    Total RO  Size (Code + RO Data)                18748 (  18.31kB)
    Total RW  Size (RW Data + ZI Data)             13840 (  13.52kB)
    Total ROM Size (Code + RO Data + RW Data)      19176 (  18.73kB)

==============================================================================

